
Discarded input sections

 .text          0x00000000        0x0 ..\obj\core_cm3.o
 .data          0x00000000        0x0 ..\obj\core_cm3.o
 .bss           0x00000000        0x0 ..\obj\core_cm3.o
 .text.__get_PSP
                0x00000000       0x10 ..\obj\core_cm3.o
 .text.__set_PSP
                0x00000000        0x8 ..\obj\core_cm3.o
 .text.__get_MSP
                0x00000000       0x10 ..\obj\core_cm3.o
 .text.__set_MSP
                0x00000000        0x8 ..\obj\core_cm3.o
 .text.__get_BASEPRI
                0x00000000       0x20 ..\obj\core_cm3.o
 .text.__set_BASEPRI
                0x00000000       0x18 ..\obj\core_cm3.o
 .text.__get_PRIMASK
                0x00000000       0x20 ..\obj\core_cm3.o
 .text.__set_PRIMASK
                0x00000000       0x18 ..\obj\core_cm3.o
 .text.__get_FAULTMASK
                0x00000000       0x20 ..\obj\core_cm3.o
 .text.__set_FAULTMASK
                0x00000000       0x18 ..\obj\core_cm3.o
 .text.__get_CONTROL
                0x00000000       0x20 ..\obj\core_cm3.o
 .text.__set_CONTROL
                0x00000000       0x18 ..\obj\core_cm3.o
 .text.__REV    0x00000000       0x24 ..\obj\core_cm3.o
 .text.__REV16  0x00000000       0x24 ..\obj\core_cm3.o
 .text.__REVSH  0x00000000       0x24 ..\obj\core_cm3.o
 .text.__RBIT   0x00000000       0x24 ..\obj\core_cm3.o
 .text.__LDREXB
                0x00000000       0x24 ..\obj\core_cm3.o
 .text.__LDREXH
                0x00000000       0x24 ..\obj\core_cm3.o
 .text.__LDREXW
                0x00000000       0x24 ..\obj\core_cm3.o
 .text.__STREXB
                0x00000000       0x2c ..\obj\core_cm3.o
 .text.__STREXH
                0x00000000       0x2c ..\obj\core_cm3.o
 .text.__STREXW
                0x00000000       0x28 ..\obj\core_cm3.o
 .text          0x00000000        0x0 ..\obj\system_stm32f10x.o
 .data          0x00000000       0x14 ..\obj\system_stm32f10x.o
 .bss           0x00000000        0x0 ..\obj\system_stm32f10x.o
 .text.SystemCoreClockUpdate
                0x00000000      0x160 ..\obj\system_stm32f10x.o
 .text          0x00000000        0x0 ..\obj\stm32f10x_gpio.o
 .data          0x00000000        0x0 ..\obj\stm32f10x_gpio.o
 .bss           0x00000000        0x0 ..\obj\stm32f10x_gpio.o
 .text.GPIO_DeInit
                0x00000000      0x118 ..\obj\stm32f10x_gpio.o
 .text.GPIO_AFIODeInit
                0x00000000       0x20 ..\obj\stm32f10x_gpio.o
 .text.GPIO_StructInit
                0x00000000       0x2c ..\obj\stm32f10x_gpio.o
 .text.GPIO_ReadInputDataBit
                0x00000000       0x3c ..\obj\stm32f10x_gpio.o
 .text.GPIO_ReadInputData
                0x00000000       0x1c ..\obj\stm32f10x_gpio.o
 .text.GPIO_ReadOutputDataBit
                0x00000000       0x3c ..\obj\stm32f10x_gpio.o
 .text.GPIO_ReadOutputData
                0x00000000       0x1c ..\obj\stm32f10x_gpio.o
 .text.GPIO_SetBits
                0x00000000       0x1c ..\obj\stm32f10x_gpio.o
 .text.GPIO_ResetBits
                0x00000000       0x1c ..\obj\stm32f10x_gpio.o
 .text.GPIO_Write
                0x00000000       0x1c ..\obj\stm32f10x_gpio.o
 .text.GPIO_PinLockConfig
                0x00000000       0x44 ..\obj\stm32f10x_gpio.o
 .text.GPIO_EventOutputConfig
                0x00000000       0x54 ..\obj\stm32f10x_gpio.o
 .text.GPIO_EventOutputCmd
                0x00000000       0x20 ..\obj\stm32f10x_gpio.o
 .text.GPIO_PinRemapConfig
                0x00000000      0x104 ..\obj\stm32f10x_gpio.o
 .text.GPIO_EXTILineConfig
                0x00000000       0x9c ..\obj\stm32f10x_gpio.o
 .text.GPIO_ETH_MediaInterfaceConfig
                0x00000000       0x1c ..\obj\stm32f10x_gpio.o
 .text          0x00000000        0x0 ..\obj\main.o
 .data          0x00000000        0x0 ..\obj\main.o
 .bss           0x00000000        0x0 ..\obj\main.o
 .text          0x00000000        0x0 ..\obj\stm32f10x_rcc.o
 .data          0x00000000       0x14 ..\obj\stm32f10x_rcc.o
 .bss           0x00000000        0x0 ..\obj\stm32f10x_rcc.o
 .text.RCC_DeInit
                0x00000000       0x70 ..\obj\stm32f10x_rcc.o
 .text.RCC_HSEConfig
                0x00000000       0x5c ..\obj\stm32f10x_rcc.o
 .text.RCC_WaitForHSEStartUp
                0x00000000       0x64 ..\obj\stm32f10x_rcc.o
 .text.RCC_AdjustHSICalibrationValue
                0x00000000       0x40 ..\obj\stm32f10x_rcc.o
 .text.RCC_HSICmd
                0x00000000       0x20 ..\obj\stm32f10x_rcc.o
 .text.RCC_PLLConfig
                0x00000000       0x44 ..\obj\stm32f10x_rcc.o
 .text.RCC_PLLCmd
                0x00000000       0x20 ..\obj\stm32f10x_rcc.o
 .text.RCC_PREDIV1Config
                0x00000000       0x48 ..\obj\stm32f10x_rcc.o
 .text.RCC_PREDIV2Config
                0x00000000       0x3c ..\obj\stm32f10x_rcc.o
 .text.RCC_PLL2Config
                0x00000000       0x3c ..\obj\stm32f10x_rcc.o
 .text.RCC_PLL2Cmd
                0x00000000       0x20 ..\obj\stm32f10x_rcc.o
 .text.RCC_PLL3Config
                0x00000000       0x3c ..\obj\stm32f10x_rcc.o
 .text.RCC_PLL3Cmd
                0x00000000       0x20 ..\obj\stm32f10x_rcc.o
 .text.RCC_SYSCLKConfig
                0x00000000       0x3c ..\obj\stm32f10x_rcc.o
 .text.RCC_GetSYSCLKSource
                0x00000000       0x1c ..\obj\stm32f10x_rcc.o
 .text.RCC_HCLKConfig
                0x00000000       0x3c ..\obj\stm32f10x_rcc.o
 .text.RCC_PCLK1Config
                0x00000000       0x3c ..\obj\stm32f10x_rcc.o
 .text.RCC_PCLK2Config
                0x00000000       0x40 ..\obj\stm32f10x_rcc.o
 .text.RCC_ITConfig
                0x00000000       0x50 ..\obj\stm32f10x_rcc.o
 .text.RCC_OTGFSCLKConfig
                0x00000000       0x1c ..\obj\stm32f10x_rcc.o
 .text.RCC_ADCCLKConfig
                0x00000000       0x3c ..\obj\stm32f10x_rcc.o
 .text.RCC_I2S2CLKConfig
                0x00000000       0x1c ..\obj\stm32f10x_rcc.o
 .text.RCC_I2S3CLKConfig
                0x00000000       0x1c ..\obj\stm32f10x_rcc.o
 .text.RCC_LSEConfig
                0x00000000       0x48 ..\obj\stm32f10x_rcc.o
 .text.RCC_LSICmd
                0x00000000       0x20 ..\obj\stm32f10x_rcc.o
 .text.RCC_RTCCLKConfig
                0x00000000       0x24 ..\obj\stm32f10x_rcc.o
 .text.RCC_RTCCLKCmd
                0x00000000       0x20 ..\obj\stm32f10x_rcc.o
 .text.RCC_GetClocksFreq
                0x00000000      0x1f8 ..\obj\stm32f10x_rcc.o
 .text.RCC_AHBPeriphClockCmd
                0x00000000       0x44 ..\obj\stm32f10x_rcc.o
 .text.RCC_APB1PeriphClockCmd
                0x00000000       0x44 ..\obj\stm32f10x_rcc.o
 .text.RCC_AHBPeriphResetCmd
                0x00000000       0x44 ..\obj\stm32f10x_rcc.o
 .text.RCC_APB2PeriphResetCmd
                0x00000000       0x44 ..\obj\stm32f10x_rcc.o
 .text.RCC_APB1PeriphResetCmd
                0x00000000       0x44 ..\obj\stm32f10x_rcc.o
 .text.RCC_BackupResetCmd
                0x00000000       0x20 ..\obj\stm32f10x_rcc.o
 .text.RCC_ClockSecuritySystemCmd
                0x00000000       0x20 ..\obj\stm32f10x_rcc.o
 .text.RCC_MCOConfig
                0x00000000       0x20 ..\obj\stm32f10x_rcc.o
 .text.RCC_GetFlagStatus
                0x00000000       0x84 ..\obj\stm32f10x_rcc.o
 .text.RCC_ClearFlag
                0x00000000       0x1c ..\obj\stm32f10x_rcc.o
 .text.RCC_GetITStatus
                0x00000000       0x40 ..\obj\stm32f10x_rcc.o
 .text.RCC_ClearITPendingBit
                0x00000000       0x20 ..\obj\stm32f10x_rcc.o
 .text          0x00000000        0x0 ..\obj\startup_stm32f10x_cl.o
 .data          0x00000000        0x0 ..\obj\startup_stm32f10x_cl.o
 .bss           0x00000000        0x0 ..\obj\startup_stm32f10x_cl.o
 .text          0x00000000        0x0 ..\obj\stm32f10x_adc.o
 .data          0x00000000        0x0 ..\obj\stm32f10x_adc.o
 .bss           0x00000000        0x0 ..\obj\stm32f10x_adc.o
 .text.ADC_DeInit
                0x00000000       0x80 ..\obj\stm32f10x_adc.o
 .text.ADC_Init
                0x00000000       0xbc ..\obj\stm32f10x_adc.o
 .text.ADC_StructInit
                0x00000000       0x44 ..\obj\stm32f10x_adc.o
 .text.ADC_Cmd  0x00000000       0x38 ..\obj\stm32f10x_adc.o
 .text.ADC_DMACmd
                0x00000000       0x38 ..\obj\stm32f10x_adc.o
 .text.ADC_ITConfig
                0x00000000       0x48 ..\obj\stm32f10x_adc.o
 .text.ADC_ResetCalibration
                0x00000000       0x20 ..\obj\stm32f10x_adc.o
 .text.ADC_GetResetCalibrationStatus
                0x00000000       0x38 ..\obj\stm32f10x_adc.o
 .text.ADC_StartCalibration
                0x00000000       0x20 ..\obj\stm32f10x_adc.o
 .text.ADC_GetCalibrationStatus
                0x00000000       0x38 ..\obj\stm32f10x_adc.o
 .text.ADC_SoftwareStartConvCmd
                0x00000000       0x38 ..\obj\stm32f10x_adc.o
 .text.ADC_GetSoftwareStartConvStatus
                0x00000000       0x38 ..\obj\stm32f10x_adc.o
 .text.ADC_DiscModeChannelCountConfig
                0x00000000       0x4c ..\obj\stm32f10x_adc.o
 .text.ADC_DiscModeCmd
                0x00000000       0x38 ..\obj\stm32f10x_adc.o
 .text.ADC_RegularChannelConfig
                0x00000000      0x1d0 ..\obj\stm32f10x_adc.o
 .text.ADC_ExternalTrigConvCmd
                0x00000000       0x38 ..\obj\stm32f10x_adc.o
 .text.ADC_GetConversionValue
                0x00000000       0x1c ..\obj\stm32f10x_adc.o
 .text.ADC_GetDualModeConversionValue
                0x00000000       0x14 ..\obj\stm32f10x_adc.o
 .text.ADC_AutoInjectedConvCmd
                0x00000000       0x38 ..\obj\stm32f10x_adc.o
 .text.ADC_InjectedDiscModeCmd
                0x00000000       0x38 ..\obj\stm32f10x_adc.o
 .text.ADC_ExternalTrigInjectedConvConfig
                0x00000000       0x38 ..\obj\stm32f10x_adc.o
 .text.ADC_ExternalTrigInjectedConvCmd
                0x00000000       0x38 ..\obj\stm32f10x_adc.o
 .text.ADC_SoftwareStartInjectedConvCmd
                0x00000000       0x38 ..\obj\stm32f10x_adc.o
 .text.ADC_GetSoftwareStartInjectedConvCmdStatus
                0x00000000       0x38 ..\obj\stm32f10x_adc.o
 .text.ADC_InjectedChannelConfig
                0x00000000      0x150 ..\obj\stm32f10x_adc.o
 .text.ADC_InjectedSequencerLengthConfig
                0x00000000       0x4c ..\obj\stm32f10x_adc.o
 .text.ADC_SetInjectedOffset
                0x00000000       0x34 ..\obj\stm32f10x_adc.o
 .text.ADC_GetInjectedConversionValue
                0x00000000       0x34 ..\obj\stm32f10x_adc.o
 .text.ADC_AnalogWatchdogCmd
                0x00000000       0x3c ..\obj\stm32f10x_adc.o
 .text.ADC_AnalogWatchdogThresholdsConfig
                0x00000000       0x28 ..\obj\stm32f10x_adc.o
 .text.ADC_AnalogWatchdogSingleChannelConfig
                0x00000000       0x3c ..\obj\stm32f10x_adc.o
 .text.ADC_TempSensorVrefintCmd
                0x00000000       0x38 ..\obj\stm32f10x_adc.o
 .text.ADC_GetFlagStatus
                0x00000000       0x3c ..\obj\stm32f10x_adc.o
 .text.ADC_ClearFlag
                0x00000000       0x20 ..\obj\stm32f10x_adc.o
 .text.ADC_GetITStatus
                0x00000000       0x68 ..\obj\stm32f10x_adc.o
 .text.ADC_ClearITPendingBit
                0x00000000       0x30 ..\obj\stm32f10x_adc.o

Memory Configuration

Name             Origin             Length             Attributes
rom              0x08000000         0x00040000         xr
ram              0x20000000         0x00010000         xrw
*default*        0x00000000         0xffffffff

Linker script and memory map

                0x20010000                _eram = 0x20010000

.text           0x08000000      0x75c
 *(.isr_vector .isr_vector.*)
 .isr_vector    0x08000000      0x154 ..\obj\startup_stm32f10x_cl.o
                0x08000000                g_pfnVectors
 *(.text .text.* .gnu.linkonce.t.*)
 .text.SystemInit
                0x08000154       0x7c ..\obj\system_stm32f10x.o
                0x08000154                SystemInit
 .text.SetSysClock
                0x080001d0        0xc ..\obj\system_stm32f10x.o
 .text.SetSysClockTo72
                0x080001dc      0x144 ..\obj\system_stm32f10x.o
 .text.GPIO_Init
                0x08000320      0x1c0 ..\obj\stm32f10x_gpio.o
                0x08000320                GPIO_Init
 .text.GPIO_WriteBit
                0x080004e0       0x30 ..\obj\stm32f10x_gpio.o
                0x080004e0                GPIO_WriteBit
 .text.delay    0x08000510       0x34 ..\obj\main.o
                0x08000510                delay
 .text.main     0x08000544      0x164 ..\obj\main.o
                0x08000544                main
 .text.RCC_APB2PeriphClockCmd
                0x080006a8       0x44 ..\obj\stm32f10x_rcc.o
                0x080006a8                RCC_APB2PeriphClockCmd
 .text.Default_Reset_Handler
                0x080006ec       0x68 ..\obj\startup_stm32f10x_cl.o
                0x080006ec                Default_Reset_Handler
                0x080006ec                Reset_Handler
 .text.Default_Handler
                0x08000754        0x8 ..\obj\startup_stm32f10x_cl.o
                0x08000754                EXTI2_IRQHandler
                0x08000754                DebugMon_Handler
                0x08000754                TIM1_CC_IRQHandler
                0x08000754                HardFault_Handler
                0x08000754                TIM6_IRQHandler
                0x08000754                SysTick_Handler
                0x08000754                PVD_IRQHandler
                0x08000754                PendSV_Handler
                0x08000754                NMI_Handler
                0x08000754                CAN2_RX1_IRQHandler
                0x08000754                EXTI3_IRQHandler
                0x08000754                EXTI0_IRQHandler
                0x08000754                I2C2_EV_IRQHandler
                0x08000754                CAN1_RX0_IRQHandler
                0x08000754                UsageFault_Handler
                0x08000754                CAN2_SCE_IRQHandler
                0x08000754                ADC1_2_IRQHandler
                0x08000754                SPI1_IRQHandler
                0x08000754                TAMPER_IRQHandler
                0x08000754                CAN2_RX0_IRQHandler
                0x08000754                DMA2_Channel2_IRQHandler
                0x08000754                DMA1_Channel4_IRQHandler
                0x08000754                USART3_IRQHandler
                0x08000754                RTC_IRQHandler
                0x08000754                DMA1_Channel7_IRQHandler
                0x08000754                CAN1_RX1_IRQHandler
                0x08000754                UART5_IRQHandler
                0x08000754                TIM4_IRQHandler
                0x08000754                DMA2_Channel1_IRQHandler
                0x08000754                I2C1_EV_IRQHandler
                0x08000754                DMA1_Channel6_IRQHandler
                0x08000754                UART4_IRQHandler
                0x08000754                DMA2_Channel4_IRQHandler
                0x08000754                TIM3_IRQHandler
                0x08000754                RCC_IRQHandler
                0x08000754                TIM1_TRG_COM_IRQHandler
                0x08000754                DMA1_Channel1_IRQHandler
                0x08000754                EXTI15_10_IRQHandler
                0x08000754                TIM7_IRQHandler
                0x08000754                CAN2_TX_IRQHandler
                0x08000754                TIM5_IRQHandler
                0x08000754                EXTI9_5_IRQHandler
                0x08000754                ETH_WKUP_IRQHandler
                0x08000754                SPI2_IRQHandler
                0x08000754                MemManage_Handler
                0x08000754                CAN1_TX_IRQHandler
                0x08000754                SVC_Handler
                0x08000754                DMA2_Channel5_IRQHandler
                0x08000754                DMA1_Channel5_IRQHandler
                0x08000754                EXTI4_IRQHandler
                0x08000754                DMA1_Channel3_IRQHandler
                0x08000754                ETH_IRQHandler
                0x08000754                TIM1_UP_IRQHandler
                0x08000754                WWDG_IRQHandler
                0x08000754                TIM2_IRQHandler
                0x08000754                OTG_FS_WKUP_IRQHandler
                0x08000754                TIM1_BRK_IRQHandler
                0x08000754                EXTI1_IRQHandler
                0x08000754                RTCAlarm_IRQHandler
                0x08000754                USART2_IRQHandler
                0x08000754                I2C2_ER_IRQHandler
                0x08000754                DMA1_Channel2_IRQHandler
                0x08000754                CAN1_SCE_IRQHandler
                0x08000754                FLASH_IRQHandler
                0x08000754                BusFault_Handler
                0x08000754                USART1_IRQHandler
                0x08000754                OTG_FS_IRQHandler
                0x08000754                SPI3_IRQHandler
                0x08000754                I2C1_ER_IRQHandler
                0x08000754                DMA2_Channel3_IRQHandler
 *(.glue_7t)
 .glue_7t       0x00000000        0x0 linker stubs
 *(.glue_7)
 .glue_7        0x00000000        0x0 linker stubs
 *(.rodata .rodata* .gnu.linkonce.r.*)

.vfp11_veneer   0x0800075c        0x0
 .vfp11_veneer  0x00000000        0x0 linker stubs

.v4_bx          0x0800075c        0x0
 .v4_bx         0x00000000        0x0 linker stubs

.ARM.extab
 *(.ARM.extab* .gnu.linkonce.armextab.*)

.ARM.exidx
 *(.ARM.exidx* .gnu.linkonce.armexidx.*)
                0x0800075c                . = ALIGN (0x4)
                0x0800075c                _etext = .
                0x0800075c                _sidata = .

.data           0x20000000        0x0 load address 0x0800075c
                0x20000000                _sdata = .
 *(.data .data.*)
                0x20000000                . = ALIGN (0x4)
                0x20000000                _edata = .

.bss            0x20000000        0x0
                0x20000000                _sbss = .
 *(.bss .bss.*)
 *(COMMON)
                0x20000000                . = ALIGN (0x4)
                0x20000000                _ebss = .

.co_stack       0x20000000      0x400
                0x20000000                . = ALIGN (0x8)
 *(.co_stack .co_stack.*)
 .co_stack      0x20000000      0x400 ..\obj\startup_stm32f10x_cl.o
                0x20000000                pulStack
                0x20000400                . = ALIGN (0x4)
                0x20000400                _end = .
LOAD ..\obj\core_cm3.o
LOAD ..\obj\system_stm32f10x.o
LOAD ..\obj\stm32f10x_gpio.o
LOAD ..\obj\main.o
LOAD ..\obj\stm32f10x_rcc.o
LOAD ..\obj\startup_stm32f10x_cl.o
LOAD ..\obj\stm32f10x_adc.o
START GROUP
LOAD c:/coocox/coide/gcc/sourcery g++ lite/bin/../lib/gcc/arm-none-eabi/4.5.2/thumb2\libgcc.a
LOAD c:/coocox/coide/gcc/sourcery g++ lite/bin/../lib/gcc/arm-none-eabi/4.5.2/../../../../arm-none-eabi/lib/thumb2\libc.a
END GROUP
OUTPUT(2.elf elf32-littlearm)

.debug_abbrev   0x00000000      0x8c2
 .debug_abbrev  0x00000000       0xd5 ..\obj\core_cm3.o
 .debug_abbrev  0x000000d5      0x17e ..\obj\system_stm32f10x.o
 .debug_abbrev  0x00000253      0x1a4 ..\obj\stm32f10x_gpio.o
 .debug_abbrev  0x000003f7      0x123 ..\obj\main.o
 .debug_abbrev  0x0000051a      0x191 ..\obj\stm32f10x_rcc.o
 .debug_abbrev  0x000006ab       0xa3 ..\obj\startup_stm32f10x_cl.o
 .debug_abbrev  0x0000074e      0x174 ..\obj\stm32f10x_adc.o

.debug_info     0x00000000     0x2d85
 .debug_info    0x00000000      0x548 ..\obj\core_cm3.o
 .debug_info    0x00000548      0x4fa ..\obj\system_stm32f10x.o
 .debug_info    0x00000a42      0x723 ..\obj\stm32f10x_gpio.o
 .debug_info    0x00001165      0x3b2 ..\obj\main.o
 .debug_info    0x00001517      0xb2f ..\obj\stm32f10x_rcc.o
 .debug_info    0x00002046      0x131 ..\obj\startup_stm32f10x_cl.o
 .debug_info    0x00002177      0xc0e ..\obj\stm32f10x_adc.o

.debug_line     0x00000000     0x13e0
 .debug_line    0x00000000      0x274 ..\obj\core_cm3.o
 .debug_line    0x00000274      0x205 ..\obj\system_stm32f10x.o
 .debug_line    0x00000479      0x334 ..\obj\stm32f10x_gpio.o
 .debug_line    0x000007ad      0x1eb ..\obj\main.o
 .debug_line    0x00000998      0x506 ..\obj\stm32f10x_rcc.o
 .debug_line    0x00000e9e       0x99 ..\obj\startup_stm32f10x_cl.o
 .debug_line    0x00000f37      0x4a9 ..\obj\stm32f10x_adc.o

.debug_loc      0x00000000     0x1a18
 .debug_loc     0x00000000      0x3f0 ..\obj\core_cm3.o
 .debug_loc     0x000003f0       0xc8 ..\obj\system_stm32f10x.o
 .debug_loc     0x000004b8      0x3e4 ..\obj\stm32f10x_gpio.o
 .debug_loc     0x0000089c       0x70 ..\obj\main.o
 .debug_loc     0x0000090c      0x8d4 ..\obj\stm32f10x_rcc.o
 .debug_loc     0x000011e0       0x64 ..\obj\startup_stm32f10x_cl.o
 .debug_loc     0x00001244      0x7d4 ..\obj\stm32f10x_adc.o

.debug_pubnames
                0x00000000      0xb45
 .debug_pubnames
                0x00000000      0x159 ..\obj\core_cm3.o
 .debug_pubnames
                0x00000159       0x61 ..\obj\system_stm32f10x.o
 .debug_pubnames
                0x000001ba      0x19d ..\obj\stm32f10x_gpio.o
 .debug_pubnames
                0x00000357       0x25 ..\obj\main.o
 .debug_pubnames
                0x0000037c      0x37e ..\obj\stm32f10x_rcc.o
 .debug_pubnames
                0x000006fa       0x4a ..\obj\startup_stm32f10x_cl.o
 .debug_pubnames
                0x00000744      0x401 ..\obj\stm32f10x_adc.o

.debug_pubtypes
                0x00000000      0x33d
 .debug_pubtypes
                0x00000000       0x50 ..\obj\core_cm3.o
 .debug_pubtypes
                0x00000050       0x67 ..\obj\system_stm32f10x.o
 .debug_pubtypes
                0x000000b7       0xc3 ..\obj\stm32f10x_gpio.o
 .debug_pubtypes
                0x0000017a       0x99 ..\obj\main.o
 .debug_pubtypes
                0x00000213       0x9e ..\obj\stm32f10x_rcc.o
 .debug_pubtypes
                0x000002b1       0x8c ..\obj\stm32f10x_adc.o

.debug_aranges  0x00000000      0x490
 .debug_aranges
                0x00000000       0xc8 ..\obj\core_cm3.o
 .debug_aranges
                0x000000c8       0x38 ..\obj\system_stm32f10x.o
 .debug_aranges
                0x00000100       0xa8 ..\obj\stm32f10x_gpio.o
 .debug_aranges
                0x000001a8       0x28 ..\obj\main.o
 .debug_aranges
                0x000001d0      0x160 ..\obj\stm32f10x_rcc.o
 .debug_aranges
                0x00000330       0x28 ..\obj\startup_stm32f10x_cl.o
 .debug_aranges
                0x00000358      0x138 ..\obj\stm32f10x_adc.o

.debug_ranges   0x00000000      0x420
 .debug_ranges  0x00000000       0xb8 ..\obj\core_cm3.o
 .debug_ranges  0x000000b8       0x28 ..\obj\system_stm32f10x.o
 .debug_ranges  0x000000e0       0x98 ..\obj\stm32f10x_gpio.o
 .debug_ranges  0x00000178       0x18 ..\obj\main.o
 .debug_ranges  0x00000190      0x150 ..\obj\stm32f10x_rcc.o
 .debug_ranges  0x000002e0       0x18 ..\obj\startup_stm32f10x_cl.o
 .debug_ranges  0x000002f8      0x128 ..\obj\stm32f10x_adc.o

.debug_str      0x00000000     0x1249
 .debug_str     0x00000000      0x1dc ..\obj\core_cm3.o
                                0x220 (size before relaxing)
 .debug_str     0x000001dc      0x1b1 ..\obj\system_stm32f10x.o
                                0x274 (size before relaxing)
 .debug_str     0x0000038d      0x3b6 ..\obj\stm32f10x_gpio.o
                                0x46d (size before relaxing)
 .debug_str     0x00000743       0x93 ..\obj\main.o
                                0x288 (size before relaxing)
 .debug_str     0x000007d6      0x4e6 ..\obj\stm32f10x_rcc.o
                                0x6b6 (size before relaxing)
 .debug_str     0x00000cbc       0xa7 ..\obj\startup_stm32f10x_cl.o
                                 0xd2 (size before relaxing)
 .debug_str     0x00000d63      0x4e6 ..\obj\stm32f10x_adc.o
                                0x64f (size before relaxing)

.comment        0x00000000       0x2a
 .comment       0x00000000       0x2a ..\obj\core_cm3.o
                                 0x2b (size before relaxing)
 .comment       0x00000000       0x2b ..\obj\system_stm32f10x.o
 .comment       0x00000000       0x2b ..\obj\stm32f10x_gpio.o
 .comment       0x00000000       0x2b ..\obj\main.o
 .comment       0x00000000       0x2b ..\obj\stm32f10x_rcc.o
 .comment       0x00000000       0x2b ..\obj\startup_stm32f10x_cl.o
 .comment       0x00000000       0x2b ..\obj\stm32f10x_adc.o

.ARM.attributes
                0x00000000       0x31
 .ARM.attributes
                0x00000000       0x31 ..\obj\core_cm3.o
 .ARM.attributes
                0x00000031       0x31 ..\obj\system_stm32f10x.o
 .ARM.attributes
                0x00000062       0x31 ..\obj\stm32f10x_gpio.o
 .ARM.attributes
                0x00000093       0x31 ..\obj\main.o
 .ARM.attributes
                0x000000c4       0x31 ..\obj\stm32f10x_rcc.o
 .ARM.attributes
                0x000000f5       0x31 ..\obj\startup_stm32f10x_cl.o
 .ARM.attributes
                0x00000126       0x31 ..\obj\stm32f10x_adc.o

.debug_frame    0x00000000      0xe28
 .debug_frame   0x00000000      0x280 ..\obj\core_cm3.o
 .debug_frame   0x00000280       0x80 ..\obj\system_stm32f10x.o
 .debug_frame   0x00000300      0x210 ..\obj\stm32f10x_gpio.o
 .debug_frame   0x00000510       0x4c ..\obj\main.o
 .debug_frame   0x0000055c      0x484 ..\obj\stm32f10x_rcc.o
 .debug_frame   0x000009e0       0x48 ..\obj\startup_stm32f10x_cl.o
 .debug_frame   0x00000a28      0x400 ..\obj\stm32f10x_adc.o
