
Discarded input sections

 .text          0x00000000        0x0 ..\obj\core_cm3.o
 .data          0x00000000        0x0 ..\obj\core_cm3.o
 .bss           0x00000000        0x0 ..\obj\core_cm3.o
 .text.__get_PSP
                0x00000000       0x10 ..\obj\core_cm3.o
 .text.__set_PSP
                0x00000000        0x8 ..\obj\core_cm3.o
 .text.__get_MSP
                0x00000000       0x10 ..\obj\core_cm3.o
 .text.__set_MSP
                0x00000000        0x8 ..\obj\core_cm3.o
 .text.__get_BASEPRI
                0x00000000       0x20 ..\obj\core_cm3.o
 .text.__set_BASEPRI
                0x00000000       0x18 ..\obj\core_cm3.o
 .text.__get_PRIMASK
                0x00000000       0x20 ..\obj\core_cm3.o
 .text.__set_PRIMASK
                0x00000000       0x18 ..\obj\core_cm3.o
 .text.__get_FAULTMASK
                0x00000000       0x20 ..\obj\core_cm3.o
 .text.__set_FAULTMASK
                0x00000000       0x18 ..\obj\core_cm3.o
 .text.__get_CONTROL
                0x00000000       0x20 ..\obj\core_cm3.o
 .text.__set_CONTROL
                0x00000000       0x18 ..\obj\core_cm3.o
 .text.__REV    0x00000000       0x24 ..\obj\core_cm3.o
 .text.__REV16  0x00000000       0x24 ..\obj\core_cm3.o
 .text.__REVSH  0x00000000       0x24 ..\obj\core_cm3.o
 .text.__RBIT   0x00000000       0x24 ..\obj\core_cm3.o
 .text.__LDREXB
                0x00000000       0x24 ..\obj\core_cm3.o
 .text.__LDREXH
                0x00000000       0x24 ..\obj\core_cm3.o
 .text.__LDREXW
                0x00000000       0x24 ..\obj\core_cm3.o
 .text.__STREXB
                0x00000000       0x2c ..\obj\core_cm3.o
 .text.__STREXH
                0x00000000       0x2c ..\obj\core_cm3.o
 .text.__STREXW
                0x00000000       0x28 ..\obj\core_cm3.o
 .text          0x00000000        0x0 ..\obj\system_stm32f10x.o
 .data          0x00000000       0x14 ..\obj\system_stm32f10x.o
 .bss           0x00000000        0x0 ..\obj\system_stm32f10x.o
 .text.SystemCoreClockUpdate
                0x00000000      0x15c ..\obj\system_stm32f10x.o
 .text          0x00000000        0x0 ..\obj\stm32f10x_gpio.o
 .data          0x00000000        0x0 ..\obj\stm32f10x_gpio.o
 .bss           0x00000000        0x0 ..\obj\stm32f10x_gpio.o
 .text.GPIO_DeInit
                0x00000000      0x118 ..\obj\stm32f10x_gpio.o
 .text.GPIO_AFIODeInit
                0x00000000       0x20 ..\obj\stm32f10x_gpio.o
 .text.GPIO_StructInit
                0x00000000       0x2c ..\obj\stm32f10x_gpio.o
 .text.GPIO_ReadInputDataBit
                0x00000000       0x3c ..\obj\stm32f10x_gpio.o
 .text.GPIO_ReadInputData
                0x00000000       0x1c ..\obj\stm32f10x_gpio.o
 .text.GPIO_ReadOutputDataBit
                0x00000000       0x3c ..\obj\stm32f10x_gpio.o
 .text.GPIO_ReadOutputData
                0x00000000       0x1c ..\obj\stm32f10x_gpio.o
 .text.GPIO_SetBits
                0x00000000       0x1c ..\obj\stm32f10x_gpio.o
 .text.GPIO_ResetBits
                0x00000000       0x1c ..\obj\stm32f10x_gpio.o
 .text.GPIO_WriteBit
                0x00000000       0x30 ..\obj\stm32f10x_gpio.o
 .text.GPIO_Write
                0x00000000       0x1c ..\obj\stm32f10x_gpio.o
 .text.GPIO_PinLockConfig
                0x00000000       0x44 ..\obj\stm32f10x_gpio.o
 .text.GPIO_EventOutputConfig
                0x00000000       0x54 ..\obj\stm32f10x_gpio.o
 .text.GPIO_EventOutputCmd
                0x00000000       0x20 ..\obj\stm32f10x_gpio.o
 .text.GPIO_PinRemapConfig
                0x00000000      0x104 ..\obj\stm32f10x_gpio.o
 .text.GPIO_EXTILineConfig
                0x00000000       0x9c ..\obj\stm32f10x_gpio.o
 .text.GPIO_ETH_MediaInterfaceConfig
                0x00000000       0x1c ..\obj\stm32f10x_gpio.o
 .text          0x00000000        0x0 ..\obj\main.o
 .data          0x00000000        0x0 ..\obj\main.o
 .text          0x00000000        0x0 ..\obj\stm32f10x_rcc.o
 .data          0x00000000       0x14 ..\obj\stm32f10x_rcc.o
 .bss           0x00000000        0x0 ..\obj\stm32f10x_rcc.o
 .text.RCC_DeInit
                0x00000000       0x70 ..\obj\stm32f10x_rcc.o
 .text.RCC_HSEConfig
                0x00000000       0x5c ..\obj\stm32f10x_rcc.o
 .text.RCC_WaitForHSEStartUp
                0x00000000       0x64 ..\obj\stm32f10x_rcc.o
 .text.RCC_AdjustHSICalibrationValue
                0x00000000       0x40 ..\obj\stm32f10x_rcc.o
 .text.RCC_HSICmd
                0x00000000       0x20 ..\obj\stm32f10x_rcc.o
 .text.RCC_PLLConfig
                0x00000000       0x44 ..\obj\stm32f10x_rcc.o
 .text.RCC_PLLCmd
                0x00000000       0x20 ..\obj\stm32f10x_rcc.o
 .text.RCC_PREDIV1Config
                0x00000000       0x48 ..\obj\stm32f10x_rcc.o
 .text.RCC_PREDIV2Config
                0x00000000       0x3c ..\obj\stm32f10x_rcc.o
 .text.RCC_PLL2Config
                0x00000000       0x3c ..\obj\stm32f10x_rcc.o
 .text.RCC_PLL2Cmd
                0x00000000       0x20 ..\obj\stm32f10x_rcc.o
 .text.RCC_PLL3Config
                0x00000000       0x3c ..\obj\stm32f10x_rcc.o
 .text.RCC_PLL3Cmd
                0x00000000       0x20 ..\obj\stm32f10x_rcc.o
 .text.RCC_SYSCLKConfig
                0x00000000       0x3c ..\obj\stm32f10x_rcc.o
 .text.RCC_GetSYSCLKSource
                0x00000000       0x1c ..\obj\stm32f10x_rcc.o
 .text.RCC_HCLKConfig
                0x00000000       0x3c ..\obj\stm32f10x_rcc.o
 .text.RCC_PCLK1Config
                0x00000000       0x3c ..\obj\stm32f10x_rcc.o
 .text.RCC_PCLK2Config
                0x00000000       0x40 ..\obj\stm32f10x_rcc.o
 .text.RCC_ITConfig
                0x00000000       0x50 ..\obj\stm32f10x_rcc.o
 .text.RCC_OTGFSCLKConfig
                0x00000000       0x1c ..\obj\stm32f10x_rcc.o
 .text.RCC_ADCCLKConfig
                0x00000000       0x3c ..\obj\stm32f10x_rcc.o
 .text.RCC_I2S2CLKConfig
                0x00000000       0x1c ..\obj\stm32f10x_rcc.o
 .text.RCC_I2S3CLKConfig
                0x00000000       0x1c ..\obj\stm32f10x_rcc.o
 .text.RCC_LSEConfig
                0x00000000       0x48 ..\obj\stm32f10x_rcc.o
 .text.RCC_LSICmd
                0x00000000       0x20 ..\obj\stm32f10x_rcc.o
 .text.RCC_RTCCLKConfig
                0x00000000       0x24 ..\obj\stm32f10x_rcc.o
 .text.RCC_RTCCLKCmd
                0x00000000       0x20 ..\obj\stm32f10x_rcc.o
 .text.RCC_GetClocksFreq
                0x00000000      0x1f4 ..\obj\stm32f10x_rcc.o
 .text.RCC_AHBPeriphClockCmd
                0x00000000       0x44 ..\obj\stm32f10x_rcc.o
 .text.RCC_APB1PeriphClockCmd
                0x00000000       0x44 ..\obj\stm32f10x_rcc.o
 .text.RCC_AHBPeriphResetCmd
                0x00000000       0x44 ..\obj\stm32f10x_rcc.o
 .text.RCC_APB2PeriphResetCmd
                0x00000000       0x44 ..\obj\stm32f10x_rcc.o
 .text.RCC_APB1PeriphResetCmd
                0x00000000       0x44 ..\obj\stm32f10x_rcc.o
 .text.RCC_BackupResetCmd
                0x00000000       0x20 ..\obj\stm32f10x_rcc.o
 .text.RCC_ClockSecuritySystemCmd
                0x00000000       0x20 ..\obj\stm32f10x_rcc.o
 .text.RCC_MCOConfig
                0x00000000       0x20 ..\obj\stm32f10x_rcc.o
 .text.RCC_GetFlagStatus
                0x00000000       0x84 ..\obj\stm32f10x_rcc.o
 .text.RCC_ClearFlag
                0x00000000       0x1c ..\obj\stm32f10x_rcc.o
 .text.RCC_GetITStatus
                0x00000000       0x40 ..\obj\stm32f10x_rcc.o
 .text.RCC_ClearITPendingBit
                0x00000000       0x20 ..\obj\stm32f10x_rcc.o
 .text          0x00000000        0x0 ..\obj\startup_stm32f10x_cl.o
 .data          0x00000000        0x0 ..\obj\startup_stm32f10x_cl.o
 .bss           0x00000000        0x0 ..\obj\startup_stm32f10x_cl.o

Memory Configuration

Name             Origin             Length             Attributes
rom              0x08000000         0x00040000         xr
ram              0x20000000         0x00010000         xrw
*default*        0x00000000         0xffffffff

Linker script and memory map

                0x20010000                _eram = 0x20010000

.text           0x08000000      0x704
 *(.isr_vector .isr_vector.*)
 .isr_vector    0x08000000      0x154 ..\obj\startup_stm32f10x_cl.o
                0x08000000                g_pfnVectors
 *(.text .text.* .gnu.linkonce.t.*)
 .text.SystemInit
                0x08000154       0x7c ..\obj\system_stm32f10x.o
                0x08000154                SystemInit
 .text.SetSysClock
                0x080001d0        0xc ..\obj\system_stm32f10x.o
 .text.SetSysClockTo72
                0x080001dc      0x144 ..\obj\system_stm32f10x.o
 .text.GPIO_Init
                0x08000320      0x1c0 ..\obj\stm32f10x_gpio.o
                0x08000320                GPIO_Init
 .text.__enable_irq
                0x080004e0        0xc ..\obj\main.o
 .text.NVIC_EnableIRQ
                0x080004ec       0x34 ..\obj\main.o
 .text.IO_init  0x08000520       0x3c ..\obj\main.o
                0x08000520                IO_init
 .text.TIM2_IRQHandler
                0x0800055c       0x64 ..\obj\main.o
                0x0800055c                TIM2_IRQHandler
 .text.TIM6_init
                0x080005c0       0x58 ..\obj\main.o
                0x080005c0                TIM6_init
 .text.main     0x08000618       0x38 ..\obj\main.o
                0x08000618                main
 .text.RCC_APB2PeriphClockCmd
                0x08000650       0x44 ..\obj\stm32f10x_rcc.o
                0x08000650                RCC_APB2PeriphClockCmd
 .text.Default_Reset_Handler
                0x08000694       0x68 ..\obj\startup_stm32f10x_cl.o
                0x08000694                Default_Reset_Handler
                0x08000694                Reset_Handler
 .text.Default_Handler
                0x080006fc        0x8 ..\obj\startup_stm32f10x_cl.o
                0x080006fc                EXTI2_IRQHandler
                0x080006fc                DebugMon_Handler
                0x080006fc                TIM1_CC_IRQHandler
                0x080006fc                HardFault_Handler
                0x080006fc                TIM6_IRQHandler
                0x080006fc                SysTick_Handler
                0x080006fc                PVD_IRQHandler
                0x080006fc                PendSV_Handler
                0x080006fc                NMI_Handler
                0x080006fc                CAN2_RX1_IRQHandler
                0x080006fc                EXTI3_IRQHandler
                0x080006fc                EXTI0_IRQHandler
                0x080006fc                I2C2_EV_IRQHandler
                0x080006fc                CAN1_RX0_IRQHandler
                0x080006fc                UsageFault_Handler
                0x080006fc                CAN2_SCE_IRQHandler
                0x080006fc                ADC1_2_IRQHandler
                0x080006fc                SPI1_IRQHandler
                0x080006fc                TAMPER_IRQHandler
                0x080006fc                CAN2_RX0_IRQHandler
                0x080006fc                DMA2_Channel2_IRQHandler
                0x080006fc                DMA1_Channel4_IRQHandler
                0x080006fc                USART3_IRQHandler
                0x080006fc                RTC_IRQHandler
                0x080006fc                DMA1_Channel7_IRQHandler
                0x080006fc                CAN1_RX1_IRQHandler
                0x080006fc                UART5_IRQHandler
                0x080006fc                TIM4_IRQHandler
                0x080006fc                DMA2_Channel1_IRQHandler
                0x080006fc                I2C1_EV_IRQHandler
                0x080006fc                DMA1_Channel6_IRQHandler
                0x080006fc                UART4_IRQHandler
                0x080006fc                DMA2_Channel4_IRQHandler
                0x080006fc                TIM3_IRQHandler
                0x080006fc                RCC_IRQHandler
                0x080006fc                TIM1_TRG_COM_IRQHandler
                0x080006fc                DMA1_Channel1_IRQHandler
                0x080006fc                EXTI15_10_IRQHandler
                0x080006fc                TIM7_IRQHandler
                0x080006fc                CAN2_TX_IRQHandler
                0x080006fc                TIM5_IRQHandler
                0x080006fc                EXTI9_5_IRQHandler
                0x080006fc                ETH_WKUP_IRQHandler
                0x080006fc                SPI2_IRQHandler
                0x080006fc                MemManage_Handler
                0x080006fc                CAN1_TX_IRQHandler
                0x080006fc                SVC_Handler
                0x080006fc                DMA2_Channel5_IRQHandler
                0x080006fc                DMA1_Channel5_IRQHandler
                0x080006fc                EXTI4_IRQHandler
                0x080006fc                DMA1_Channel3_IRQHandler
                0x080006fc                ETH_IRQHandler
                0x080006fc                TIM1_UP_IRQHandler
                0x080006fc                WWDG_IRQHandler
                0x080006fc                OTG_FS_WKUP_IRQHandler
                0x080006fc                TIM1_BRK_IRQHandler
                0x080006fc                EXTI1_IRQHandler
                0x080006fc                RTCAlarm_IRQHandler
                0x080006fc                USART2_IRQHandler
                0x080006fc                I2C2_ER_IRQHandler
                0x080006fc                DMA1_Channel2_IRQHandler
                0x080006fc                CAN1_SCE_IRQHandler
                0x080006fc                FLASH_IRQHandler
                0x080006fc                BusFault_Handler
                0x080006fc                USART1_IRQHandler
                0x080006fc                OTG_FS_IRQHandler
                0x080006fc                SPI3_IRQHandler
                0x080006fc                I2C1_ER_IRQHandler
                0x080006fc                DMA2_Channel3_IRQHandler
 *(.glue_7t)
 .glue_7t       0x00000000        0x0 linker stubs
 *(.glue_7)
 .glue_7        0x00000000        0x0 linker stubs
 *(.rodata .rodata* .gnu.linkonce.r.*)

.vfp11_veneer   0x08000704        0x0
 .vfp11_veneer  0x00000000        0x0 linker stubs

.v4_bx          0x08000704        0x0
 .v4_bx         0x00000000        0x0 linker stubs

.ARM.extab
 *(.ARM.extab* .gnu.linkonce.armextab.*)

.ARM.exidx
 *(.ARM.exidx* .gnu.linkonce.armexidx.*)
                0x08000704                . = ALIGN (0x4)
                0x08000704                _etext = .
                0x08000704                _sidata = .

.data           0x20000000        0x0 load address 0x08000704
                0x20000000                _sdata = .
 *(.data .data.*)
                0x20000000                . = ALIGN (0x4)
                0x20000000                _edata = .

.bss            0x20000000        0x4
                0x20000000                _sbss = .
 *(.bss .bss.*)
 .bss           0x20000000        0x4 ..\obj\main.o
                0x20000000                r
 *(COMMON)
                0x20000004                . = ALIGN (0x4)
                0x20000004                _ebss = .

.co_stack       0x20000004      0x404
                0x20000008                . = ALIGN (0x8)
 *fill*         0x20000004        0x4 00
 *(.co_stack .co_stack.*)
 .co_stack      0x20000008      0x400 ..\obj\startup_stm32f10x_cl.o
                0x20000008                pulStack
                0x20000408                . = ALIGN (0x4)
                0x20000408                _end = .
LOAD ..\obj\core_cm3.o
LOAD ..\obj\system_stm32f10x.o
LOAD ..\obj\stm32f10x_gpio.o
LOAD ..\obj\main.o
LOAD ..\obj\stm32f10x_rcc.o
LOAD ..\obj\startup_stm32f10x_cl.o
START GROUP
LOAD c:/coocox/coide/gcc/sourcery g++ lite/bin/../lib/gcc/arm-none-eabi/4.5.2/thumb2\libgcc.a
LOAD c:/coocox/coide/gcc/sourcery g++ lite/bin/../lib/gcc/arm-none-eabi/4.5.2/../../../../arm-none-eabi/lib/thumb2\libc.a
END GROUP
OUTPUT(timer.elf elf32-littlearm)

.debug_abbrev   0x00000000      0x7f3
 .debug_abbrev  0x00000000       0xd5 ..\obj\core_cm3.o
 .debug_abbrev  0x000000d5      0x17e ..\obj\system_stm32f10x.o
 .debug_abbrev  0x00000253      0x1a4 ..\obj\stm32f10x_gpio.o
 .debug_abbrev  0x000003f7      0x1c8 ..\obj\main.o
 .debug_abbrev  0x000005bf      0x191 ..\obj\stm32f10x_rcc.o
 .debug_abbrev  0x00000750       0xa3 ..\obj\startup_stm32f10x_cl.o

.debug_info     0x00000000     0x26c4
 .debug_info    0x00000000      0x548 ..\obj\core_cm3.o
 .debug_info    0x00000548      0x4fa ..\obj\system_stm32f10x.o
 .debug_info    0x00000a42      0x723 ..\obj\stm32f10x_gpio.o
 .debug_info    0x00001165      0x8ed ..\obj\main.o
 .debug_info    0x00001a52      0xb2f ..\obj\stm32f10x_rcc.o
 .debug_info    0x00002581      0x143 ..\obj\startup_stm32f10x_cl.o

.debug_line     0x00000000     0x10e9
 .debug_line    0x00000000      0x28d ..\obj\core_cm3.o
 .debug_line    0x0000028d      0x251 ..\obj\system_stm32f10x.o
 .debug_line    0x000004de      0x398 ..\obj\stm32f10x_gpio.o
 .debug_line    0x00000876      0x257 ..\obj\main.o
 .debug_line    0x00000acd      0x56a ..\obj\stm32f10x_rcc.o
 .debug_line    0x00001037       0xb2 ..\obj\startup_stm32f10x_cl.o

.debug_loc      0x00000000     0x12f4
 .debug_loc     0x00000000      0x3f0 ..\obj\core_cm3.o
 .debug_loc     0x000003f0       0xc8 ..\obj\system_stm32f10x.o
 .debug_loc     0x000004b8      0x3e4 ..\obj\stm32f10x_gpio.o
 .debug_loc     0x0000089c      0x120 ..\obj\main.o
 .debug_loc     0x000009bc      0x8d4 ..\obj\stm32f10x_rcc.o
 .debug_loc     0x00001290       0x64 ..\obj\startup_stm32f10x_cl.o

.debug_pubnames
                0x00000000      0x76e
 .debug_pubnames
                0x00000000      0x159 ..\obj\core_cm3.o
 .debug_pubnames
                0x00000159       0x61 ..\obj\system_stm32f10x.o
 .debug_pubnames
                0x000001ba      0x19d ..\obj\stm32f10x_gpio.o
 .debug_pubnames
                0x00000357       0x4f ..\obj\main.o
 .debug_pubnames
                0x000003a6      0x37e ..\obj\stm32f10x_rcc.o
 .debug_pubnames
                0x00000724       0x4a ..\obj\startup_stm32f10x_cl.o

.debug_pubtypes
                0x00000000      0x2e6
 .debug_pubtypes
                0x00000000       0x50 ..\obj\core_cm3.o
 .debug_pubtypes
                0x00000050       0x67 ..\obj\system_stm32f10x.o
 .debug_pubtypes
                0x000000b7       0xc3 ..\obj\stm32f10x_gpio.o
 .debug_pubtypes
                0x0000017a       0xce ..\obj\main.o
 .debug_pubtypes
                0x00000248       0x9e ..\obj\stm32f10x_rcc.o

.debug_aranges  0x00000000      0x378
 .debug_aranges
                0x00000000       0xc8 ..\obj\core_cm3.o
 .debug_aranges
                0x000000c8       0x38 ..\obj\system_stm32f10x.o
 .debug_aranges
                0x00000100       0xa8 ..\obj\stm32f10x_gpio.o
 .debug_aranges
                0x000001a8       0x48 ..\obj\main.o
 .debug_aranges
                0x000001f0      0x160 ..\obj\stm32f10x_rcc.o
 .debug_aranges
                0x00000350       0x28 ..\obj\startup_stm32f10x_cl.o

.debug_ranges   0x00000000      0x318
 .debug_ranges  0x00000000       0xb8 ..\obj\core_cm3.o
 .debug_ranges  0x000000b8       0x28 ..\obj\system_stm32f10x.o
 .debug_ranges  0x000000e0       0x98 ..\obj\stm32f10x_gpio.o
 .debug_ranges  0x00000178       0x38 ..\obj\main.o
 .debug_ranges  0x000001b0      0x150 ..\obj\stm32f10x_rcc.o
 .debug_ranges  0x00000300       0x18 ..\obj\startup_stm32f10x_cl.o

.debug_str      0x00000000     0x12c9
 .debug_str     0x00000000      0x1f5 ..\obj\core_cm3.o
                                0x239 (size before relaxing)
 .debug_str     0x000001f5      0x1ca ..\obj\system_stm32f10x.o
                                0x28d (size before relaxing)
 .debug_str     0x000003bf      0x3cf ..\obj\stm32f10x_gpio.o
                                0x486 (size before relaxing)
 .debug_str     0x0000078e      0x57c ..\obj\main.o
                                0x7bb (size before relaxing)
 .debug_str     0x00000d0a      0x4ff ..\obj\stm32f10x_rcc.o
                                0x6cf (size before relaxing)
 .debug_str     0x00001209       0xc0 ..\obj\startup_stm32f10x_cl.o
                                 0xeb (size before relaxing)

.comment        0x00000000       0x2a
 .comment       0x00000000       0x2a ..\obj\core_cm3.o
                                 0x2b (size before relaxing)
 .comment       0x00000000       0x2b ..\obj\system_stm32f10x.o
 .comment       0x00000000       0x2b ..\obj\stm32f10x_gpio.o
 .comment       0x00000000       0x2b ..\obj\main.o
 .comment       0x00000000       0x2b ..\obj\stm32f10x_rcc.o
 .comment       0x00000000       0x2b ..\obj\startup_stm32f10x_cl.o

.ARM.attributes
                0x00000000       0x31
 .ARM.attributes
                0x00000000       0x31 ..\obj\core_cm3.o
 .ARM.attributes
                0x00000031       0x31 ..\obj\system_stm32f10x.o
 .ARM.attributes
                0x00000062       0x31 ..\obj\stm32f10x_gpio.o
 .ARM.attributes
                0x00000093       0x31 ..\obj\main.o
 .ARM.attributes
                0x000000c4       0x31 ..\obj\stm32f10x_rcc.o
 .ARM.attributes
                0x000000f5       0x31 ..\obj\startup_stm32f10x_cl.o

.debug_frame    0x00000000      0xa8c
 .debug_frame   0x00000000      0x280 ..\obj\core_cm3.o
 .debug_frame   0x00000280       0x80 ..\obj\system_stm32f10x.o
 .debug_frame   0x00000300      0x210 ..\obj\stm32f10x_gpio.o
 .debug_frame   0x00000510       0xb0 ..\obj\main.o
 .debug_frame   0x000005c0      0x484 ..\obj\stm32f10x_rcc.o
 .debug_frame   0x00000a44       0x48 ..\obj\startup_stm32f10x_cl.o
