
Discarded input sections

 .text          0x00000000        0x0 ..\obj\stm32f4xx_usart.o
 .data          0x00000000        0x0 ..\obj\stm32f4xx_usart.o
 .bss           0x00000000        0x0 ..\obj\stm32f4xx_usart.o
 .text.USART_DeInit
                0x00000000       0xc8 ..\obj\stm32f4xx_usart.o
 .text.USART_Init
                0x00000000       0xf8 ..\obj\stm32f4xx_usart.o
 .text.USART_StructInit
                0x00000000       0x18 ..\obj\stm32f4xx_usart.o
 .text.USART_ClockInit
                0x00000000       0x30 ..\obj\stm32f4xx_usart.o
 .text.USART_ClockStructInit
                0x00000000        0xc ..\obj\stm32f4xx_usart.o
 .text.USART_Cmd
                0x00000000       0x20 ..\obj\stm32f4xx_usart.o
 .text.USART_SetPrescaler
                0x00000000       0x18 ..\obj\stm32f4xx_usart.o
 .text.USART_OverSampling8Cmd
                0x00000000       0x1c ..\obj\stm32f4xx_usart.o
 .text.USART_OneBitMethodCmd
                0x00000000       0x20 ..\obj\stm32f4xx_usart.o
 .text.USART_SendData
                0x00000000        0x8 ..\obj\stm32f4xx_usart.o
 .text.USART_ReceiveData
                0x00000000        0x8 ..\obj\stm32f4xx_usart.o
 .text.USART_SetAddress
                0x00000000       0x20 ..\obj\stm32f4xx_usart.o
 .text.USART_ReceiverWakeUpCmd
                0x00000000       0x20 ..\obj\stm32f4xx_usart.o
 .text.USART_WakeUpConfig
                0x00000000       0x20 ..\obj\stm32f4xx_usart.o
 .text.USART_LINBreakDetectLengthConfig
                0x00000000       0x20 ..\obj\stm32f4xx_usart.o
 .text.USART_LINCmd
                0x00000000       0x20 ..\obj\stm32f4xx_usart.o
 .text.USART_SendBreak
                0x00000000        0xc ..\obj\stm32f4xx_usart.o
 .text.USART_HalfDuplexCmd
                0x00000000       0x20 ..\obj\stm32f4xx_usart.o
 .text.USART_SetGuardTime
                0x00000000       0x18 ..\obj\stm32f4xx_usart.o
 .text.USART_SmartCardCmd
                0x00000000       0x20 ..\obj\stm32f4xx_usart.o
 .text.USART_SmartCardNACKCmd
                0x00000000       0x20 ..\obj\stm32f4xx_usart.o
 .text.USART_IrDAConfig
                0x00000000       0x20 ..\obj\stm32f4xx_usart.o
 .text.USART_IrDACmd
                0x00000000       0x20 ..\obj\stm32f4xx_usart.o
 .text.USART_DMACmd
                0x00000000       0x1c ..\obj\stm32f4xx_usart.o
 .text.USART_ITConfig
                0x00000000       0x3c ..\obj\stm32f4xx_usart.o
 .text.USART_GetFlagStatus
                0x00000000        0xc ..\obj\stm32f4xx_usart.o
 .text.USART_ClearFlag
                0x00000000        0x8 ..\obj\stm32f4xx_usart.o
 .text.USART_GetITStatus
                0x00000000       0x4c ..\obj\stm32f4xx_usart.o
 .text.USART_ClearITPendingBit
                0x00000000       0x10 ..\obj\stm32f4xx_usart.o
 .text          0x00000000        0x0 ..\obj\startup_stm32f4xx.o
 .data          0x00000000        0x0 ..\obj\startup_stm32f4xx.o
 .bss           0x00000000        0x0 ..\obj\startup_stm32f4xx.o
 .text          0x00000000        0x0 ..\obj\main.o
 .data          0x00000000        0x0 ..\obj\main.o
 .bss           0x00000000        0x0 ..\obj\main.o
 .text.Delay    0x00000000       0x20 ..\obj\main.o
 .text.usart_init
                0x00000000       0x74 ..\obj\main.o
 .text          0x00000000        0x0 ..\obj\stm32f4xx_rcc.o
 .data          0x00000000       0x10 ..\obj\stm32f4xx_rcc.o
 .bss           0x00000000        0x0 ..\obj\stm32f4xx_rcc.o
 .text.RCC_DeInit
                0x00000000       0x34 ..\obj\stm32f4xx_rcc.o
 .text.RCC_HSEConfig
                0x00000000       0x10 ..\obj\stm32f4xx_rcc.o
 .text.RCC_AdjustHSICalibrationValue
                0x00000000       0x14 ..\obj\stm32f4xx_rcc.o
 .text.RCC_HSICmd
                0x00000000        0xc ..\obj\stm32f4xx_rcc.o
 .text.RCC_LSEConfig
                0x00000000       0x20 ..\obj\stm32f4xx_rcc.o
 .text.RCC_LSICmd
                0x00000000        0xc ..\obj\stm32f4xx_rcc.o
 .text.RCC_PLLConfig
                0x00000000       0x20 ..\obj\stm32f4xx_rcc.o
 .text.RCC_PLLCmd
                0x00000000        0xc ..\obj\stm32f4xx_rcc.o
 .text.RCC_PLLI2SConfig
                0x00000000       0x14 ..\obj\stm32f4xx_rcc.o
 .text.RCC_PLLI2SCmd
                0x00000000        0xc ..\obj\stm32f4xx_rcc.o
 .text.RCC_ClockSecuritySystemCmd
                0x00000000        0xc ..\obj\stm32f4xx_rcc.o
 .text.RCC_MCO1Config
                0x00000000       0x18 ..\obj\stm32f4xx_rcc.o
 .text.RCC_MCO2Config
                0x00000000       0x18 ..\obj\stm32f4xx_rcc.o
 .text.RCC_SYSCLKConfig
                0x00000000       0x14 ..\obj\stm32f4xx_rcc.o
 .text.RCC_GetSYSCLKSource
                0x00000000       0x10 ..\obj\stm32f4xx_rcc.o
 .text.RCC_HCLKConfig
                0x00000000       0x14 ..\obj\stm32f4xx_rcc.o
 .text.RCC_PCLK1Config
                0x00000000       0x14 ..\obj\stm32f4xx_rcc.o
 .text.RCC_PCLK2Config
                0x00000000       0x14 ..\obj\stm32f4xx_rcc.o
 .text.RCC_GetClocksFreq
                0x00000000       0x94 ..\obj\stm32f4xx_rcc.o
 .text.RCC_RTCCLKConfig
                0x00000000       0x34 ..\obj\stm32f4xx_rcc.o
 .text.RCC_RTCCLKCmd
                0x00000000        0xc ..\obj\stm32f4xx_rcc.o
 .text.RCC_BackupResetCmd
                0x00000000        0xc ..\obj\stm32f4xx_rcc.o
 .text.RCC_I2SCLKConfig
                0x00000000        0xc ..\obj\stm32f4xx_rcc.o
 .text.RCC_AHB2PeriphClockCmd
                0x00000000       0x1c ..\obj\stm32f4xx_rcc.o
 .text.RCC_AHB3PeriphClockCmd
                0x00000000       0x1c ..\obj\stm32f4xx_rcc.o
 .text.RCC_APB1PeriphClockCmd
                0x00000000       0x1c ..\obj\stm32f4xx_rcc.o
 .text.RCC_APB2PeriphClockCmd
                0x00000000       0x1c ..\obj\stm32f4xx_rcc.o
 .text.RCC_AHB1PeriphResetCmd
                0x00000000       0x1c ..\obj\stm32f4xx_rcc.o
 .text.RCC_AHB2PeriphResetCmd
                0x00000000       0x1c ..\obj\stm32f4xx_rcc.o
 .text.RCC_AHB3PeriphResetCmd
                0x00000000       0x1c ..\obj\stm32f4xx_rcc.o
 .text.RCC_APB1PeriphResetCmd
                0x00000000       0x1c ..\obj\stm32f4xx_rcc.o
 .text.RCC_APB2PeriphResetCmd
                0x00000000       0x1c ..\obj\stm32f4xx_rcc.o
 .text.RCC_AHB1PeriphClockLPModeCmd
                0x00000000       0x1c ..\obj\stm32f4xx_rcc.o
 .text.RCC_AHB2PeriphClockLPModeCmd
                0x00000000       0x1c ..\obj\stm32f4xx_rcc.o
 .text.RCC_AHB3PeriphClockLPModeCmd
                0x00000000       0x1c ..\obj\stm32f4xx_rcc.o
 .text.RCC_APB1PeriphClockLPModeCmd
                0x00000000       0x1c ..\obj\stm32f4xx_rcc.o
 .text.RCC_APB2PeriphClockLPModeCmd
                0x00000000       0x1c ..\obj\stm32f4xx_rcc.o
 .text.RCC_ITConfig
                0x00000000       0x20 ..\obj\stm32f4xx_rcc.o
 .text.RCC_GetFlagStatus
                0x00000000       0x34 ..\obj\stm32f4xx_rcc.o
 .text.RCC_WaitForHSEStartUp
                0x00000000       0x30 ..\obj\stm32f4xx_rcc.o
 .text.RCC_ClearFlag
                0x00000000       0x10 ..\obj\stm32f4xx_rcc.o
 .text.RCC_GetITStatus
                0x00000000       0x14 ..\obj\stm32f4xx_rcc.o
 .text.RCC_ClearITPendingBit
                0x00000000        0xc ..\obj\stm32f4xx_rcc.o
 .text          0x00000000        0x0 ..\obj\stm32f4xx_gpio.o
 .data          0x00000000        0x0 ..\obj\stm32f4xx_gpio.o
 .bss           0x00000000        0x0 ..\obj\stm32f4xx_gpio.o
 .text.GPIO_DeInit
                0x00000000      0x118 ..\obj\stm32f4xx_gpio.o
 .text.GPIO_StructInit
                0x00000000       0x14 ..\obj\stm32f4xx_gpio.o
 .text.GPIO_PinLockConfig
                0x00000000       0x28 ..\obj\stm32f4xx_gpio.o
 .text.GPIO_ReadInputDataBit
                0x00000000        0xc ..\obj\stm32f4xx_gpio.o
 .text.GPIO_ReadInputData
                0x00000000        0x8 ..\obj\stm32f4xx_gpio.o
 .text.GPIO_ReadOutputDataBit
                0x00000000        0xc ..\obj\stm32f4xx_gpio.o
 .text.GPIO_ReadOutputData
                0x00000000        0x8 ..\obj\stm32f4xx_gpio.o
 .text.GPIO_SetBits
                0x00000000        0x4 ..\obj\stm32f4xx_gpio.o
 .text.GPIO_ResetBits
                0x00000000        0x4 ..\obj\stm32f4xx_gpio.o
 .text.GPIO_WriteBit
                0x00000000        0xc ..\obj\stm32f4xx_gpio.o
 .text.GPIO_Write
                0x00000000        0x4 ..\obj\stm32f4xx_gpio.o
 .text.GPIO_ToggleBits
                0x00000000        0xc ..\obj\stm32f4xx_gpio.o
 .text.GPIO_PinAFConfig
                0x00000000       0x30 ..\obj\stm32f4xx_gpio.o
 .text          0x00000000        0x0 ..\obj\system_stm32f4xx.o
 .data          0x00000000       0x14 ..\obj\system_stm32f4xx.o
 .bss           0x00000000        0x0 ..\obj\system_stm32f4xx.o
 .text.SystemInit
                0x00000000       0xfc ..\obj\system_stm32f4xx.o
 .text.SystemCoreClockUpdate
                0x00000000       0x6c ..\obj\system_stm32f4xx.o

Memory Configuration

Name             Origin             Length             Attributes
rom              0x08000000         0x00100000         xr
ram              0x20000000         0x00020000         xrw
ram1             0x10000000         0x00010000         xrw
*default*        0x00000000         0xffffffff

Linker script and memory map

                0x20020000                _eram = 0x20020000

.text           0x08000000      0x3d0
 *(.isr_vector .isr_vector.*)
 .isr_vector    0x08000000      0x188 ..\obj\startup_stm32f4xx.o
                0x08000000                g_pfnVectors
 *(.text .text.* .gnu.linkonce.t.*)
 .text.Default_Reset_Handler
                0x08000188       0x7c ..\obj\startup_stm32f4xx.o
                0x08000188                Default_Reset_Handler
                0x08000188                Reset_Handler
 .text.Default_Handler
                0x08000204        0x4 ..\obj\startup_stm32f4xx.o
                0x08000204                RTC_Alarm_IRQHandler
                0x08000204                HASH_RNG_IRQHandler
                0x08000204                EXTI2_IRQHandler
                0x08000204                TIM8_CC_IRQHandler
                0x08000204                DebugMon_Handler
                0x08000204                TIM1_CC_IRQHandler
                0x08000204                DMA2_Stream5_IRQHandler
                0x08000204                HardFault_Handler
                0x08000204                DMA1_Stream5_IRQHandler
                0x08000204                SysTick_Handler
                0x08000204                PVD_IRQHandler
                0x08000204                SDIO_IRQHandler
                0x08000204                TAMP_STAMP_IRQHandler
                0x08000204                PendSV_Handler
                0x08000204                NMI_Handler
                0x08000204                CAN2_RX1_IRQHandler
                0x08000204                EXTI3_IRQHandler
                0x08000204                TIM8_TRG_COM_TIM14_IRQHandler
                0x08000204                TIM1_UP_TIM10_IRQHandler
                0x08000204                TIM8_UP_TIM13_IRQHandler
                0x08000204                I2C3_ER_IRQHandler
                0x08000204                EXTI0_IRQHandler
                0x08000204                I2C2_EV_IRQHandler
                0x08000204                DMA1_Stream2_IRQHandler
                0x08000204                CAN1_RX0_IRQHandler
                0x08000204                FPU_IRQHandler
                0x08000204                OTG_HS_WKUP_IRQHandler
                0x08000204                UsageFault_Handler
                0x08000204                CAN2_SCE_IRQHandler
                0x08000204                DMA2_Stream2_IRQHandler
                0x08000204                SPI1_IRQHandler
                0x08000204                TIM6_DAC_IRQHandler
                0x08000204                TIM1_BRK_TIM9_IRQHandler
                0x08000204                DCMI_IRQHandler
                0x08000204                CAN2_RX0_IRQHandler
                0x08000204                DMA2_Stream3_IRQHandler
                0x08000204                USART6_IRQHandler
                0x08000204                USART3_IRQHandler
                0x08000204                CRYP_IRQHandler
                0x08000204                CAN1_RX1_IRQHandler
                0x08000204                UART5_IRQHandler
                0x08000204                DMA2_Stream0_IRQHandler
                0x08000204                TIM4_IRQHandler
                0x08000204                I2C1_EV_IRQHandler
                0x08000204                DMA1_Stream6_IRQHandler
                0x08000204                DMA1_Stream1_IRQHandler
                0x08000204                UART4_IRQHandler
                0x08000204                TIM3_IRQHandler
                0x08000204                RCC_IRQHandler
                0x08000204                TIM8_BRK_TIM12_IRQHandler
                0x08000204                EXTI15_10_IRQHandler
                0x08000204                ADC_IRQHandler
                0x08000204                DMA1_Stream7_IRQHandler
                0x08000204                TIM7_IRQHandler
                0x08000204                CAN2_TX_IRQHandler
                0x08000204                TIM5_IRQHandler
                0x08000204                DMA2_Stream7_IRQHandler
                0x08000204                I2C3_EV_IRQHandler
                0x08000204                EXTI9_5_IRQHandler
                0x08000204                RTC_WKUP_IRQHandler
                0x08000204                ETH_WKUP_IRQHandler
                0x08000204                SPI2_IRQHandler
                0x08000204                OTG_HS_EP1_IN_IRQHandler
                0x08000204                MemManage_Handler
                0x08000204                DMA1_Stream0_IRQHandler
                0x08000204                CAN1_TX_IRQHandler
                0x08000204                SVC_Handler
                0x08000204                EXTI4_IRQHandler
                0x08000204                FSMC_IRQHandler
                0x08000204                ETH_IRQHandler
                0x08000204                OTG_HS_EP1_OUT_IRQHandler
                0x08000204                WWDG_IRQHandler
                0x08000204                TIM2_IRQHandler
                0x08000204                OTG_FS_WKUP_IRQHandler
                0x08000204                TIM1_TRG_COM_TIM11_IRQHandler
                0x08000204                OTG_HS_IRQHandler
                0x08000204                EXTI1_IRQHandler
                0x08000204                USART2_IRQHandler
                0x08000204                I2C2_ER_IRQHandler
                0x08000204                DMA2_Stream1_IRQHandler
                0x08000204                CAN1_SCE_IRQHandler
                0x08000204                FLASH_IRQHandler
                0x08000204                DMA2_Stream4_IRQHandler
                0x08000204                BusFault_Handler
                0x08000204                USART1_IRQHandler
                0x08000204                OTG_FS_IRQHandler
                0x08000204                SPI3_IRQHandler
                0x08000204                DMA1_Stream4_IRQHandler
                0x08000204                I2C1_ER_IRQHandler
                0x08000204                DMA2_Stream6_IRQHandler
                0x08000204                DMA1_Stream3_IRQHandler
 .text.main     0x08000208       0x44 ..\obj\main.o
                0x08000208                main
 .text.RCC_AHB1PeriphClockCmd
                0x0800024c       0x1c ..\obj\stm32f4xx_rcc.o
                0x0800024c                RCC_AHB1PeriphClockCmd
 .text.GPIO_Init
                0x08000268      0x168 ..\obj\stm32f4xx_gpio.o
                0x08000268                GPIO_Init
 *(.glue_7t)
 .glue_7t       0x00000000        0x0 linker stubs
 *(.glue_7)
 .glue_7        0x00000000        0x0 linker stubs
 *(.rodata .rodata* .gnu.linkonce.r.*)

.vfp11_veneer   0x080003d0        0x0
 .vfp11_veneer  0x00000000        0x0 linker stubs

.v4_bx          0x080003d0        0x0
 .v4_bx         0x00000000        0x0 linker stubs

.ARM.extab
 *(.ARM.extab* .gnu.linkonce.armextab.*)

.ARM.exidx
 *(.ARM.exidx* .gnu.linkonce.armexidx.*)
                0x080003d0                . = ALIGN (0x4)
                0x080003d0                _etext = .
                0x080003d0                _sidata = .

.data           0x20000000        0x0 load address 0x080003d0
                0x20000000                _sdata = .
 *(.data .data.*)
                0x20000000                . = ALIGN (0x4)
                0x20000000                _edata = .

.bss            0x20000000        0x0
                0x20000000                _sbss = .
 *(.bss .bss.*)
 *(COMMON)
                0x20000000                . = ALIGN (0x4)
                0x20000000                _ebss = .

.co_stack       0x20000000      0x800
                0x20000000                . = ALIGN (0x8)
 *(.co_stack .co_stack.*)
 .co_stack      0x20000000      0x800 ..\obj\startup_stm32f4xx.o
                0x20000000                pulStack
                0x20000800                . = ALIGN (0x4)
                0x20000800                _end = .
LOAD ..\obj\stm32f4xx_usart.o
LOAD ..\obj\startup_stm32f4xx.o
LOAD ..\obj\main.o
LOAD ..\obj\stm32f4xx_rcc.o
LOAD ..\obj\stm32f4xx_gpio.o
LOAD ..\obj\system_stm32f4xx.o
START GROUP
LOAD c:/coocox/coide/gcc/sourcery g++ lite/bin/../lib/gcc/arm-none-eabi/4.5.2/thumb2\libgcc.a
LOAD c:/coocox/coide/gcc/sourcery g++ lite/bin/../lib/gcc/arm-none-eabi/4.5.2/../../../../arm-none-eabi/lib/thumb2\libc.a
END GROUP
OUTPUT(11111.elf elf32-littlearm)

.debug_abbrev   0x00000000      0x8b6
 .debug_abbrev  0x00000000      0x19c ..\obj\stm32f4xx_usart.o
 .debug_abbrev  0x0000019c       0xb9 ..\obj\startup_stm32f4xx.o
 .debug_abbrev  0x00000255      0x133 ..\obj\main.o
 .debug_abbrev  0x00000388      0x1f6 ..\obj\stm32f4xx_rcc.o
 .debug_abbrev  0x0000057e      0x1ce ..\obj\stm32f4xx_gpio.o
 .debug_abbrev  0x0000074c      0x16a ..\obj\system_stm32f4xx.o

.debug_info     0x00000000     0x297e
 .debug_info    0x00000000      0xa42 ..\obj\stm32f4xx_usart.o
 .debug_info    0x00000a42      0x144 ..\obj\startup_stm32f4xx.o
 .debug_info    0x00000b86      0x469 ..\obj\main.o
 .debug_info    0x00000fef      0xd29 ..\obj\stm32f4xx_rcc.o
 .debug_info    0x00001d18      0x62b ..\obj\stm32f4xx_gpio.o
 .debug_info    0x00002343      0x63b ..\obj\system_stm32f4xx.o

.debug_line     0x00000000     0x13ed
 .debug_line    0x00000000      0x524 ..\obj\stm32f4xx_usart.o
 .debug_line    0x00000524       0xb3 ..\obj\startup_stm32f4xx.o
 .debug_line    0x000005d7      0x272 ..\obj\main.o
 .debug_line    0x00000849      0x5ac ..\obj\stm32f4xx_rcc.o
 .debug_line    0x00000df5      0x3ce ..\obj\stm32f4xx_gpio.o
 .debug_line    0x000011c3      0x22a ..\obj\system_stm32f4xx.o

.debug_loc      0x00000000     0x145d
 .debug_loc     0x00000000      0x707 ..\obj\stm32f4xx_usart.o
 .debug_loc     0x00000707       0x33 ..\obj\startup_stm32f4xx.o
 .debug_loc     0x0000073a       0x97 ..\obj\main.o
 .debug_loc     0x000007d1      0x8a2 ..\obj\stm32f4xx_rcc.o
 .debug_loc     0x00001073      0x2c2 ..\obj\stm32f4xx_gpio.o
 .debug_loc     0x00001335      0x128 ..\obj\system_stm32f4xx.o

.debug_pubnames
                0x00000000      0x8b7
 .debug_pubnames
                0x00000000      0x294 ..\obj\stm32f4xx_usart.o
 .debug_pubnames
                0x00000294       0x4a ..\obj\startup_stm32f4xx.o
 .debug_pubnames
                0x000002de       0x34 ..\obj\main.o
 .debug_pubnames
                0x00000312      0x417 ..\obj\stm32f4xx_rcc.o
 .debug_pubnames
                0x00000729      0x12d ..\obj\stm32f4xx_gpio.o
 .debug_pubnames
                0x00000856       0x61 ..\obj\system_stm32f4xx.o

.debug_pubtypes
                0x00000000      0x3a4
 .debug_pubtypes
                0x00000000       0xcd ..\obj\stm32f4xx_usart.o
 .debug_pubtypes
                0x000000cd       0xdc ..\obj\main.o
 .debug_pubtypes
                0x000001a9       0xaa ..\obj\stm32f4xx_rcc.o
 .debug_pubtypes
                0x00000253       0xce ..\obj\stm32f4xx_gpio.o
 .debug_pubtypes
                0x00000321       0x83 ..\obj\system_stm32f4xx.o

.debug_aranges  0x00000000      0x380
 .debug_aranges
                0x00000000      0x100 ..\obj\stm32f4xx_usart.o
 .debug_aranges
                0x00000100       0x28 ..\obj\startup_stm32f4xx.o
 .debug_aranges
                0x00000128       0x30 ..\obj\main.o
 .debug_aranges
                0x00000158      0x178 ..\obj\stm32f4xx_rcc.o
 .debug_aranges
                0x000002d0       0x88 ..\obj\stm32f4xx_gpio.o
 .debug_aranges
                0x00000358       0x28 ..\obj\system_stm32f4xx.o

.debug_ranges   0x00000000      0x350
 .debug_ranges  0x00000000       0xf0 ..\obj\stm32f4xx_usart.o
 .debug_ranges  0x000000f0       0x18 ..\obj\startup_stm32f4xx.o
 .debug_ranges  0x00000108       0x20 ..\obj\main.o
 .debug_ranges  0x00000128      0x168 ..\obj\stm32f4xx_rcc.o
 .debug_ranges  0x00000290       0x78 ..\obj\stm32f4xx_gpio.o
 .debug_ranges  0x00000308       0x48 ..\obj\system_stm32f4xx.o

.debug_str      0x00000000     0x113b
 .debug_str     0x00000000      0x5a1 ..\obj\stm32f4xx_usart.o
                                0x602 (size before relaxing)
 .debug_str     0x000005a1       0xc6 ..\obj\startup_stm32f4xx.o
                                 0xf1 (size before relaxing)
 .debug_str     0x00000667      0x1f4 ..\obj\main.o
                                0x39c (size before relaxing)
 .debug_str     0x0000085b      0x5f9 ..\obj\stm32f4xx_rcc.o
                                0x7c3 (size before relaxing)
 .debug_str     0x00000e54      0x1b9 ..\obj\stm32f4xx_gpio.o
                                0x416 (size before relaxing)
 .debug_str     0x0000100d      0x12e ..\obj\system_stm32f4xx.o
                                0x31d (size before relaxing)

.comment        0x00000000       0x2a
 .comment       0x00000000       0x2a ..\obj\stm32f4xx_usart.o
                                 0x2b (size before relaxing)
 .comment       0x00000000       0x2b ..\obj\startup_stm32f4xx.o
 .comment       0x00000000       0x2b ..\obj\main.o
 .comment       0x00000000       0x2b ..\obj\stm32f4xx_rcc.o
 .comment       0x00000000       0x2b ..\obj\stm32f4xx_gpio.o
 .comment       0x00000000       0x2b ..\obj\system_stm32f4xx.o

.ARM.attributes
                0x00000000       0x31
 .ARM.attributes
                0x00000000       0x31 ..\obj\stm32f4xx_usart.o
 .ARM.attributes
                0x00000031       0x31 ..\obj\startup_stm32f4xx.o
 .ARM.attributes
                0x00000062       0x31 ..\obj\main.o
 .ARM.attributes
                0x00000093       0x31 ..\obj\stm32f4xx_rcc.o
 .ARM.attributes
                0x000000c4       0x31 ..\obj\stm32f4xx_gpio.o
 .ARM.attributes
                0x000000f5       0x31 ..\obj\system_stm32f4xx.o

.debug_frame    0x00000000      0x6e0
 .debug_frame   0x00000000      0x214 ..\obj\stm32f4xx_usart.o
 .debug_frame   0x00000214       0x3c ..\obj\startup_stm32f4xx.o
 .debug_frame   0x00000250       0x60 ..\obj\main.o
 .debug_frame   0x000002b0      0x2e4 ..\obj\stm32f4xx_rcc.o
 .debug_frame   0x00000594      0x118 ..\obj\stm32f4xx_gpio.o
 .debug_frame   0x000006ac       0x34 ..\obj\system_stm32f4xx.o
