
Allocating common symbols
Common symbol       size              file

a                   0x2               ..\obj\main.o

Discarded input sections

 .text          0x00000000        0x0 ..\obj\core_cm3.o
 .data          0x00000000        0x0 ..\obj\core_cm3.o
 .bss           0x00000000        0x0 ..\obj\core_cm3.o
 .text.__get_PSP
                0x00000000        0x8 ..\obj\core_cm3.o
 .text.__set_PSP
                0x00000000        0x6 ..\obj\core_cm3.o
 .text.__get_MSP
                0x00000000        0x8 ..\obj\core_cm3.o
 .text.__set_MSP
                0x00000000        0x6 ..\obj\core_cm3.o
 .text.__get_BASEPRI
                0x00000000        0x6 ..\obj\core_cm3.o
 .text.__set_BASEPRI
                0x00000000        0x6 ..\obj\core_cm3.o
 .text.__get_PRIMASK
                0x00000000        0x6 ..\obj\core_cm3.o
 .text.__set_PRIMASK
                0x00000000        0x6 ..\obj\core_cm3.o
 .text.__get_FAULTMASK
                0x00000000        0x6 ..\obj\core_cm3.o
 .text.__set_FAULTMASK
                0x00000000        0x6 ..\obj\core_cm3.o
 .text.__get_CONTROL
                0x00000000        0x6 ..\obj\core_cm3.o
 .text.__set_CONTROL
                0x00000000        0x6 ..\obj\core_cm3.o
 .text.__REV    0x00000000        0x4 ..\obj\core_cm3.o
 .text.__REV16  0x00000000        0x4 ..\obj\core_cm3.o
 .text.__REVSH  0x00000000        0x4 ..\obj\core_cm3.o
 .text.__RBIT   0x00000000        0x6 ..\obj\core_cm3.o
 .text.__LDREXB
                0x00000000        0x8 ..\obj\core_cm3.o
 .text.__LDREXH
                0x00000000        0x8 ..\obj\core_cm3.o
 .text.__LDREXW
                0x00000000        0x6 ..\obj\core_cm3.o
 .text.__STREXB
                0x00000000        0x6 ..\obj\core_cm3.o
 .text.__STREXH
                0x00000000        0x6 ..\obj\core_cm3.o
 .text.__STREXW
                0x00000000        0x6 ..\obj\core_cm3.o
 .text          0x00000000        0x0 ..\obj\system_stm32f10x.o
 .data          0x00000000       0x14 ..\obj\system_stm32f10x.o
 .bss           0x00000000        0x0 ..\obj\system_stm32f10x.o
 .text.SystemCoreClockUpdate
                0x00000000       0x9c ..\obj\system_stm32f10x.o
 .text          0x00000000        0x0 ..\obj\main.o
 .data          0x00000000        0x0 ..\obj\main.o
 .bss           0x00000000        0x0 ..\obj\main.o
 .text.DMA_init
                0x00000000       0x54 ..\obj\main.o
 .text.TIM6_init
                0x00000000       0x48 ..\obj\main.o
 .text.DAC2_convert
                0x00000000        0xc ..\obj\main.o
 .text          0x00000000        0x0 ..\obj\stm32f10x_rcc.o
 .data          0x00000000       0x14 ..\obj\stm32f10x_rcc.o
 .bss           0x00000000        0x0 ..\obj\stm32f10x_rcc.o
 .text.RCC_DeInit
                0x00000000       0x4c ..\obj\stm32f10x_rcc.o
 .text.RCC_HSEConfig
                0x00000000       0x38 ..\obj\stm32f10x_rcc.o
 .text.RCC_AdjustHSICalibrationValue
                0x00000000       0x14 ..\obj\stm32f10x_rcc.o
 .text.RCC_HSICmd
                0x00000000        0xc ..\obj\stm32f10x_rcc.o
 .text.RCC_PLLConfig
                0x00000000       0x18 ..\obj\stm32f10x_rcc.o
 .text.RCC_PLLCmd
                0x00000000        0xc ..\obj\stm32f10x_rcc.o
 .text.RCC_PREDIV1Config
                0x00000000       0x1c ..\obj\stm32f10x_rcc.o
 .text.RCC_PREDIV2Config
                0x00000000       0x14 ..\obj\stm32f10x_rcc.o
 .text.RCC_PLL2Config
                0x00000000       0x14 ..\obj\stm32f10x_rcc.o
 .text.RCC_PLL2Cmd
                0x00000000        0xc ..\obj\stm32f10x_rcc.o
 .text.RCC_PLL3Config
                0x00000000       0x14 ..\obj\stm32f10x_rcc.o
 .text.RCC_PLL3Cmd
                0x00000000        0xc ..\obj\stm32f10x_rcc.o
 .text.RCC_SYSCLKConfig
                0x00000000       0x14 ..\obj\stm32f10x_rcc.o
 .text.RCC_GetSYSCLKSource
                0x00000000       0x10 ..\obj\stm32f10x_rcc.o
 .text.RCC_HCLKConfig
                0x00000000       0x14 ..\obj\stm32f10x_rcc.o
 .text.RCC_PCLK1Config
                0x00000000       0x14 ..\obj\stm32f10x_rcc.o
 .text.RCC_PCLK2Config
                0x00000000       0x14 ..\obj\stm32f10x_rcc.o
 .text.RCC_ITConfig
                0x00000000       0x18 ..\obj\stm32f10x_rcc.o
 .text.RCC_OTGFSCLKConfig
                0x00000000        0xc ..\obj\stm32f10x_rcc.o
 .text.RCC_ADCCLKConfig
                0x00000000       0x14 ..\obj\stm32f10x_rcc.o
 .text.RCC_I2S2CLKConfig
                0x00000000        0xc ..\obj\stm32f10x_rcc.o
 .text.RCC_I2S3CLKConfig
                0x00000000        0xc ..\obj\stm32f10x_rcc.o
 .text.RCC_LSEConfig
                0x00000000       0x20 ..\obj\stm32f10x_rcc.o
 .text.RCC_LSICmd
                0x00000000        0xc ..\obj\stm32f10x_rcc.o
 .text.RCC_RTCCLKConfig
                0x00000000       0x10 ..\obj\stm32f10x_rcc.o
 .text.RCC_RTCCLKCmd
                0x00000000        0xc ..\obj\stm32f10x_rcc.o
 .text.RCC_GetClocksFreq
                0x00000000       0xc8 ..\obj\stm32f10x_rcc.o
 .text.RCC_AHBPeriphClockCmd
                0x00000000       0x18 ..\obj\stm32f10x_rcc.o
 .text.RCC_APB2PeriphClockCmd
                0x00000000       0x18 ..\obj\stm32f10x_rcc.o
 .text.RCC_APB1PeriphClockCmd
                0x00000000       0x18 ..\obj\stm32f10x_rcc.o
 .text.RCC_AHBPeriphResetCmd
                0x00000000       0x18 ..\obj\stm32f10x_rcc.o
 .text.RCC_APB2PeriphResetCmd
                0x00000000       0x18 ..\obj\stm32f10x_rcc.o
 .text.RCC_APB1PeriphResetCmd
                0x00000000       0x18 ..\obj\stm32f10x_rcc.o
 .text.RCC_BackupResetCmd
                0x00000000        0xc ..\obj\stm32f10x_rcc.o
 .text.RCC_ClockSecuritySystemCmd
                0x00000000        0xc ..\obj\stm32f10x_rcc.o
 .text.RCC_MCOConfig
                0x00000000        0xc ..\obj\stm32f10x_rcc.o
 .text.RCC_GetFlagStatus
                0x00000000       0x28 ..\obj\stm32f10x_rcc.o
 .text.RCC_WaitForHSEStartUp
                0x00000000       0x2c ..\obj\stm32f10x_rcc.o
 .text.RCC_ClearFlag
                0x00000000       0x10 ..\obj\stm32f10x_rcc.o
 .text.RCC_GetITStatus
                0x00000000       0x14 ..\obj\stm32f10x_rcc.o
 .text.RCC_ClearITPendingBit
                0x00000000        0xc ..\obj\stm32f10x_rcc.o
 .text          0x00000000        0x0 ..\obj\startup_stm32f10x_cl.o
 .data          0x00000000        0x0 ..\obj\startup_stm32f10x_cl.o
 .bss           0x00000000        0x0 ..\obj\startup_stm32f10x_cl.o

Memory Configuration

Name             Origin             Length             Attributes
rom              0x08000000         0x00040000         xr
ram              0x20000000         0x00010000         xrw
*default*        0x00000000         0xffffffff

Linker script and memory map

                0x20010000                _eram = 0x20010000

.text           0x08000000      0x3ae
 *(.isr_vector .isr_vector.*)
 .isr_vector    0x08000000      0x154 ..\obj\startup_stm32f10x_cl.o
                0x08000000                g_pfnVectors
 *(.text .text.* .gnu.linkonce.t.*)
 .text.SystemInit
                0x08000154      0x130 ..\obj\system_stm32f10x.o
                0x08000154                SystemInit
 .text.Delay    0x08000284       0x16 ..\obj\main.o
                0x08000284                Delay
 *fill*         0x0800029a        0x2 00
 .text.DAC_init
                0x0800029c       0x28 ..\obj\main.o
                0x0800029c                DAC_init
 .text.DAC_convertD
                0x080002c4        0xc ..\obj\main.o
                0x080002c4                DAC_convertD
 .text.DAC1_convert
                0x080002d0        0xc ..\obj\main.o
                0x080002d0                DAC1_convert
 .text.main     0x080002dc       0x48 ..\obj\main.o
                0x080002dc                main
 .text.Default_Reset_Handler
                0x08000324       0x48 ..\obj\startup_stm32f10x_cl.o
                0x08000324                Default_Reset_Handler
                0x08000324                Reset_Handler
 .text.Default_Handler
                0x0800036c        0x2 ..\obj\startup_stm32f10x_cl.o
                0x0800036c                EXTI2_IRQHandler
                0x0800036c                DebugMon_Handler
                0x0800036c                TIM1_CC_IRQHandler
                0x0800036c                HardFault_Handler
                0x0800036c                TIM6_IRQHandler
                0x0800036c                SysTick_Handler
                0x0800036c                PVD_IRQHandler
                0x0800036c                PendSV_Handler
                0x0800036c                NMI_Handler
                0x0800036c                CAN2_RX1_IRQHandler
                0x0800036c                EXTI3_IRQHandler
                0x0800036c                EXTI0_IRQHandler
                0x0800036c                I2C2_EV_IRQHandler
                0x0800036c                CAN1_RX0_IRQHandler
                0x0800036c                UsageFault_Handler
                0x0800036c                CAN2_SCE_IRQHandler
                0x0800036c                ADC1_2_IRQHandler
                0x0800036c                SPI1_IRQHandler
                0x0800036c                TAMPER_IRQHandler
                0x0800036c                CAN2_RX0_IRQHandler
                0x0800036c                DMA2_Channel2_IRQHandler
                0x0800036c                DMA1_Channel4_IRQHandler
                0x0800036c                USART3_IRQHandler
                0x0800036c                RTC_IRQHandler
                0x0800036c                DMA1_Channel7_IRQHandler
                0x0800036c                CAN1_RX1_IRQHandler
                0x0800036c                UART5_IRQHandler
                0x0800036c                TIM4_IRQHandler
                0x0800036c                DMA2_Channel1_IRQHandler
                0x0800036c                I2C1_EV_IRQHandler
                0x0800036c                DMA1_Channel6_IRQHandler
                0x0800036c                UART4_IRQHandler
                0x0800036c                DMA2_Channel4_IRQHandler
                0x0800036c                TIM3_IRQHandler
                0x0800036c                RCC_IRQHandler
                0x0800036c                TIM1_TRG_COM_IRQHandler
                0x0800036c                DMA1_Channel1_IRQHandler
                0x0800036c                EXTI15_10_IRQHandler
                0x0800036c                TIM7_IRQHandler
                0x0800036c                CAN2_TX_IRQHandler
                0x0800036c                TIM5_IRQHandler
                0x0800036c                EXTI9_5_IRQHandler
                0x0800036c                ETH_WKUP_IRQHandler
                0x0800036c                SPI2_IRQHandler
                0x0800036c                MemManage_Handler
                0x0800036c                CAN1_TX_IRQHandler
                0x0800036c                SVC_Handler
                0x0800036c                DMA2_Channel5_IRQHandler
                0x0800036c                DMA1_Channel5_IRQHandler
                0x0800036c                EXTI4_IRQHandler
                0x0800036c                DMA1_Channel3_IRQHandler
                0x0800036c                ETH_IRQHandler
                0x0800036c                TIM1_UP_IRQHandler
                0x0800036c                WWDG_IRQHandler
                0x0800036c                TIM2_IRQHandler
                0x0800036c                OTG_FS_WKUP_IRQHandler
                0x0800036c                TIM1_BRK_IRQHandler
                0x0800036c                EXTI1_IRQHandler
                0x0800036c                RTCAlarm_IRQHandler
                0x0800036c                USART2_IRQHandler
                0x0800036c                I2C2_ER_IRQHandler
                0x0800036c                DMA1_Channel2_IRQHandler
                0x0800036c                CAN1_SCE_IRQHandler
                0x0800036c                FLASH_IRQHandler
                0x0800036c                BusFault_Handler
                0x0800036c                USART1_IRQHandler
                0x0800036c                OTG_FS_IRQHandler
                0x0800036c                SPI3_IRQHandler
                0x0800036c                I2C1_ER_IRQHandler
                0x0800036c                DMA2_Channel3_IRQHandler
 *(.glue_7t)
 .glue_7t       0x00000000        0x0 linker stubs
 *(.glue_7)
 .glue_7        0x00000000        0x0 linker stubs
 *(.rodata .rodata* .gnu.linkonce.r.*)
 .rodata        0x0800036e       0x40 ..\obj\main.o
                0x0800036e                sin

.vfp11_veneer   0x080003b0        0x0 load address 0x080003ae
 .vfp11_veneer  0x00000000        0x0 linker stubs

.v4_bx          0x080003b0        0x0 load address 0x080003ae
 .v4_bx         0x00000000        0x0 linker stubs

.ARM.extab
 *(.ARM.extab* .gnu.linkonce.armextab.*)

.ARM.exidx
 *(.ARM.exidx* .gnu.linkonce.armexidx.*)
                0x080003b0                . = ALIGN (0x4)
                0x080003b0                _etext = .
                0x080003b0                _sidata = .

.data           0x20000000        0x0 load address 0x080003b0
                0x20000000                _sdata = .
 *(.data .data.*)
                0x20000000                . = ALIGN (0x4)
                0x20000000                _edata = .

.bss            0x20000000        0x4
                0x20000000                _sbss = .
 *(.bss .bss.*)
 *(COMMON)
 COMMON         0x20000000        0x2 ..\obj\main.o
                0x20000000                a
                0x20000004                . = ALIGN (0x4)
 *fill*         0x20000002        0x2 00
                0x20000004                _ebss = .

.co_stack       0x20000004      0x404
                0x20000008                . = ALIGN (0x8)
 *fill*         0x20000004        0x4 00
 *(.co_stack .co_stack.*)
 .co_stack      0x20000008      0x400 ..\obj\startup_stm32f10x_cl.o
                0x20000008                pulStack
                0x20000408                . = ALIGN (0x4)
                0x20000408                _end = .
LOAD ..\obj\core_cm3.o
LOAD ..\obj\system_stm32f10x.o
LOAD ..\obj\main.o
LOAD ..\obj\stm32f10x_rcc.o
LOAD ..\obj\startup_stm32f10x_cl.o
START GROUP
LOAD c:/coocox/coide/gcc/sourcery g++ lite/bin/../lib/gcc/arm-none-eabi/4.5.2/thumb2\libgcc.a
LOAD c:/coocox/coide/gcc/sourcery g++ lite/bin/../lib/gcc/arm-none-eabi/4.5.2/../../../../arm-none-eabi/lib/thumb2\libc.a
END GROUP
OUTPUT(DAC.elf elf32-littlearm)

.debug_abbrev   0x00000000      0x63b
 .debug_abbrev  0x00000000       0xb4 ..\obj\core_cm3.o
 .debug_abbrev  0x000000b4      0x1a6 ..\obj\system_stm32f10x.o
 .debug_abbrev  0x0000025a      0x161 ..\obj\main.o
 .debug_abbrev  0x000003bb      0x1d0 ..\obj\stm32f10x_rcc.o
 .debug_abbrev  0x0000058b       0xb0 ..\obj\startup_stm32f10x_cl.o

.debug_info     0x00000000     0x1d27
 .debug_info    0x00000000      0x54b ..\obj\core_cm3.o
 .debug_info    0x0000054b      0x526 ..\obj\system_stm32f10x.o
 .debug_info    0x00000a71      0x670 ..\obj\main.o
 .debug_info    0x000010e1      0xb06 ..\obj\stm32f10x_rcc.o
 .debug_info    0x00001be7      0x140 ..\obj\startup_stm32f10x_cl.o

.debug_line     0x00000000      0xc7b
 .debug_line    0x00000000      0x26e ..\obj\core_cm3.o
 .debug_line    0x0000026e      0x20f ..\obj\system_stm32f10x.o
 .debug_line    0x0000047d      0x20e ..\obj\main.o
 .debug_line    0x0000068b      0x547 ..\obj\stm32f10x_rcc.o
 .debug_line    0x00000bd2       0xa9 ..\obj\startup_stm32f10x_cl.o

.debug_loc      0x00000000      0xb13
 .debug_loc     0x00000000      0x280 ..\obj\core_cm3.o
 .debug_loc     0x00000280      0x19b ..\obj\system_stm32f10x.o
 .debug_loc     0x0000041b       0x6b ..\obj\main.o
 .debug_loc     0x00000486      0x64f ..\obj\stm32f10x_rcc.o
 .debug_loc     0x00000ad5       0x3e ..\obj\startup_stm32f10x_cl.o

.debug_pubnames
                0x00000000      0x610
 .debug_pubnames
                0x00000000      0x159 ..\obj\core_cm3.o
 .debug_pubnames
                0x00000159       0x61 ..\obj\system_stm32f10x.o
 .debug_pubnames
                0x000001ba       0x8e ..\obj\main.o
 .debug_pubnames
                0x00000248      0x37e ..\obj\stm32f10x_rcc.o
 .debug_pubnames
                0x000005c6       0x4a ..\obj\startup_stm32f10x_cl.o

.debug_pubtypes
                0x00000000      0x1c9
 .debug_pubtypes
                0x00000000       0x50 ..\obj\core_cm3.o
 .debug_pubtypes
                0x00000050       0x67 ..\obj\system_stm32f10x.o
 .debug_pubtypes
                0x000000b7       0x74 ..\obj\main.o
 .debug_pubtypes
                0x0000012b       0x9e ..\obj\stm32f10x_rcc.o

.debug_aranges  0x00000000      0x2d0
 .debug_aranges
                0x00000000       0xc8 ..\obj\core_cm3.o
 .debug_aranges
                0x000000c8       0x28 ..\obj\system_stm32f10x.o
 .debug_aranges
                0x000000f0       0x58 ..\obj\main.o
 .debug_aranges
                0x00000148      0x160 ..\obj\stm32f10x_rcc.o
 .debug_aranges
                0x000002a8       0x28 ..\obj\startup_stm32f10x_cl.o

.debug_ranges   0x00000000      0x280
 .debug_ranges  0x00000000       0xb8 ..\obj\core_cm3.o
 .debug_ranges  0x000000b8       0x18 ..\obj\system_stm32f10x.o
 .debug_ranges  0x000000d0       0x48 ..\obj\main.o
 .debug_ranges  0x00000118      0x150 ..\obj\stm32f10x_rcc.o
 .debug_ranges  0x00000268       0x18 ..\obj\startup_stm32f10x_cl.o

.debug_str      0x00000000      0xbde
 .debug_str     0x00000000      0x1f2 ..\obj\core_cm3.o
                                0x236 (size before relaxing)
 .debug_str     0x000001f2      0x1cd ..\obj\system_stm32f10x.o
                                0x28a (size before relaxing)
 .debug_str     0x000003bf      0x22d ..\obj\main.o
                                0x32e (size before relaxing)
 .debug_str     0x000005ec      0x535 ..\obj\stm32f10x_rcc.o
                                0x6cc (size before relaxing)
 .debug_str     0x00000b21       0xbd ..\obj\startup_stm32f10x_cl.o
                                 0xe8 (size before relaxing)

.comment        0x00000000       0x2a
 .comment       0x00000000       0x2a ..\obj\core_cm3.o
                                 0x2b (size before relaxing)
 .comment       0x00000000       0x2b ..\obj\system_stm32f10x.o
 .comment       0x00000000       0x2b ..\obj\main.o
 .comment       0x00000000       0x2b ..\obj\stm32f10x_rcc.o
 .comment       0x00000000       0x2b ..\obj\startup_stm32f10x_cl.o

.ARM.attributes
                0x00000000       0x31
 .ARM.attributes
                0x00000000       0x31 ..\obj\core_cm3.o
 .ARM.attributes
                0x00000031       0x31 ..\obj\system_stm32f10x.o
 .ARM.attributes
                0x00000062       0x31 ..\obj\main.o
 .ARM.attributes
                0x00000093       0x31 ..\obj\stm32f10x_rcc.o
 .ARM.attributes
                0x000000c4       0x31 ..\obj\startup_stm32f10x_cl.o

.debug_frame    0x00000000      0x540
 .debug_frame   0x00000000      0x170 ..\obj\core_cm3.o
 .debug_frame   0x00000170       0x40 ..\obj\system_stm32f10x.o
 .debug_frame   0x000001b0       0xa0 ..\obj\main.o
 .debug_frame   0x00000250      0x2b8 ..\obj\stm32f10x_rcc.o
 .debug_frame   0x00000508       0x38 ..\obj\startup_stm32f10x_cl.o
