
Discarded input sections

 .text          0x00000000        0x0 ..\obj\core_cm3.o
 .data          0x00000000        0x0 ..\obj\core_cm3.o
 .bss           0x00000000        0x0 ..\obj\core_cm3.o
 .text.__get_PSP
                0x00000000       0x10 ..\obj\core_cm3.o
 .text.__set_PSP
                0x00000000        0x8 ..\obj\core_cm3.o
 .text.__get_MSP
                0x00000000       0x10 ..\obj\core_cm3.o
 .text.__set_MSP
                0x00000000        0x8 ..\obj\core_cm3.o
 .text.__get_BASEPRI
                0x00000000       0x20 ..\obj\core_cm3.o
 .text.__set_BASEPRI
                0x00000000       0x18 ..\obj\core_cm3.o
 .text.__get_PRIMASK
                0x00000000       0x20 ..\obj\core_cm3.o
 .text.__set_PRIMASK
                0x00000000       0x18 ..\obj\core_cm3.o
 .text.__get_FAULTMASK
                0x00000000       0x20 ..\obj\core_cm3.o
 .text.__set_FAULTMASK
                0x00000000       0x18 ..\obj\core_cm3.o
 .text.__get_CONTROL
                0x00000000       0x20 ..\obj\core_cm3.o
 .text.__set_CONTROL
                0x00000000       0x18 ..\obj\core_cm3.o
 .text.__REV    0x00000000       0x24 ..\obj\core_cm3.o
 .text.__REV16  0x00000000       0x24 ..\obj\core_cm3.o
 .text.__REVSH  0x00000000       0x24 ..\obj\core_cm3.o
 .text.__RBIT   0x00000000       0x24 ..\obj\core_cm3.o
 .text.__LDREXB
                0x00000000       0x24 ..\obj\core_cm3.o
 .text.__LDREXH
                0x00000000       0x24 ..\obj\core_cm3.o
 .text.__LDREXW
                0x00000000       0x24 ..\obj\core_cm3.o
 .text.__STREXB
                0x00000000       0x2c ..\obj\core_cm3.o
 .text.__STREXH
                0x00000000       0x2c ..\obj\core_cm3.o
 .text.__STREXW
                0x00000000       0x28 ..\obj\core_cm3.o
 .text          0x00000000        0x0 ..\obj\system_stm32f10x.o
 .data          0x00000000       0x14 ..\obj\system_stm32f10x.o
 .bss           0x00000000        0x0 ..\obj\system_stm32f10x.o
 .text.SystemCoreClockUpdate
                0x00000000      0x15c ..\obj\system_stm32f10x.o
 .text          0x00000000        0x0 ..\obj\stm32f10x_gpio.o
 .data          0x00000000        0x0 ..\obj\stm32f10x_gpio.o
 .bss           0x00000000        0x0 ..\obj\stm32f10x_gpio.o
 .text.GPIO_DeInit
                0x00000000      0x118 ..\obj\stm32f10x_gpio.o
 .text.GPIO_AFIODeInit
                0x00000000       0x20 ..\obj\stm32f10x_gpio.o
 .text.GPIO_StructInit
                0x00000000       0x2c ..\obj\stm32f10x_gpio.o
 .text.GPIO_ReadInputDataBit
                0x00000000       0x3c ..\obj\stm32f10x_gpio.o
 .text.GPIO_ReadInputData
                0x00000000       0x1c ..\obj\stm32f10x_gpio.o
 .text.GPIO_ReadOutputDataBit
                0x00000000       0x3c ..\obj\stm32f10x_gpio.o
 .text.GPIO_ReadOutputData
                0x00000000       0x1c ..\obj\stm32f10x_gpio.o
 .text.GPIO_SetBits
                0x00000000       0x1c ..\obj\stm32f10x_gpio.o
 .text.GPIO_ResetBits
                0x00000000       0x1c ..\obj\stm32f10x_gpio.o
 .text.GPIO_Write
                0x00000000       0x1c ..\obj\stm32f10x_gpio.o
 .text.GPIO_PinLockConfig
                0x00000000       0x44 ..\obj\stm32f10x_gpio.o
 .text.GPIO_EventOutputConfig
                0x00000000       0x54 ..\obj\stm32f10x_gpio.o
 .text.GPIO_EventOutputCmd
                0x00000000       0x20 ..\obj\stm32f10x_gpio.o
 .text.GPIO_PinRemapConfig
                0x00000000      0x104 ..\obj\stm32f10x_gpio.o
 .text.GPIO_EXTILineConfig
                0x00000000       0x9c ..\obj\stm32f10x_gpio.o
 .text.GPIO_ETH_MediaInterfaceConfig
                0x00000000       0x1c ..\obj\stm32f10x_gpio.o
 .text          0x00000000        0x0 ..\obj\main.o
 .data          0x00000000        0x0 ..\obj\main.o
 .bss           0x00000000        0x0 ..\obj\main.o
 .text          0x00000000        0x0 ..\obj\stm32f10x_rcc.o
 .bss           0x00000000        0x0 ..\obj\stm32f10x_rcc.o
 .text.RCC_DeInit
                0x00000000       0x70 ..\obj\stm32f10x_rcc.o
 .text.RCC_HSEConfig
                0x00000000       0x5c ..\obj\stm32f10x_rcc.o
 .text.RCC_WaitForHSEStartUp
                0x00000000       0x64 ..\obj\stm32f10x_rcc.o
 .text.RCC_AdjustHSICalibrationValue
                0x00000000       0x40 ..\obj\stm32f10x_rcc.o
 .text.RCC_HSICmd
                0x00000000       0x20 ..\obj\stm32f10x_rcc.o
 .text.RCC_PLLConfig
                0x00000000       0x44 ..\obj\stm32f10x_rcc.o
 .text.RCC_PLLCmd
                0x00000000       0x20 ..\obj\stm32f10x_rcc.o
 .text.RCC_PREDIV1Config
                0x00000000       0x48 ..\obj\stm32f10x_rcc.o
 .text.RCC_PREDIV2Config
                0x00000000       0x3c ..\obj\stm32f10x_rcc.o
 .text.RCC_PLL2Config
                0x00000000       0x3c ..\obj\stm32f10x_rcc.o
 .text.RCC_PLL2Cmd
                0x00000000       0x20 ..\obj\stm32f10x_rcc.o
 .text.RCC_PLL3Config
                0x00000000       0x3c ..\obj\stm32f10x_rcc.o
 .text.RCC_PLL3Cmd
                0x00000000       0x20 ..\obj\stm32f10x_rcc.o
 .text.RCC_SYSCLKConfig
                0x00000000       0x3c ..\obj\stm32f10x_rcc.o
 .text.RCC_GetSYSCLKSource
                0x00000000       0x1c ..\obj\stm32f10x_rcc.o
 .text.RCC_HCLKConfig
                0x00000000       0x3c ..\obj\stm32f10x_rcc.o
 .text.RCC_PCLK1Config
                0x00000000       0x3c ..\obj\stm32f10x_rcc.o
 .text.RCC_PCLK2Config
                0x00000000       0x40 ..\obj\stm32f10x_rcc.o
 .text.RCC_ITConfig
                0x00000000       0x50 ..\obj\stm32f10x_rcc.o
 .text.RCC_OTGFSCLKConfig
                0x00000000       0x1c ..\obj\stm32f10x_rcc.o
 .text.RCC_ADCCLKConfig
                0x00000000       0x3c ..\obj\stm32f10x_rcc.o
 .text.RCC_I2S2CLKConfig
                0x00000000       0x1c ..\obj\stm32f10x_rcc.o
 .text.RCC_I2S3CLKConfig
                0x00000000       0x1c ..\obj\stm32f10x_rcc.o
 .text.RCC_LSEConfig
                0x00000000       0x48 ..\obj\stm32f10x_rcc.o
 .text.RCC_LSICmd
                0x00000000       0x20 ..\obj\stm32f10x_rcc.o
 .text.RCC_RTCCLKConfig
                0x00000000       0x24 ..\obj\stm32f10x_rcc.o
 .text.RCC_RTCCLKCmd
                0x00000000       0x20 ..\obj\stm32f10x_rcc.o
 .text.RCC_AHBPeriphClockCmd
                0x00000000       0x44 ..\obj\stm32f10x_rcc.o
 .text.RCC_APB1PeriphClockCmd
                0x00000000       0x44 ..\obj\stm32f10x_rcc.o
 .text.RCC_AHBPeriphResetCmd
                0x00000000       0x44 ..\obj\stm32f10x_rcc.o
 .text.RCC_APB2PeriphResetCmd
                0x00000000       0x44 ..\obj\stm32f10x_rcc.o
 .text.RCC_APB1PeriphResetCmd
                0x00000000       0x44 ..\obj\stm32f10x_rcc.o
 .text.RCC_BackupResetCmd
                0x00000000       0x20 ..\obj\stm32f10x_rcc.o
 .text.RCC_ClockSecuritySystemCmd
                0x00000000       0x20 ..\obj\stm32f10x_rcc.o
 .text.RCC_MCOConfig
                0x00000000       0x20 ..\obj\stm32f10x_rcc.o
 .text.RCC_GetFlagStatus
                0x00000000       0x84 ..\obj\stm32f10x_rcc.o
 .text.RCC_ClearFlag
                0x00000000       0x1c ..\obj\stm32f10x_rcc.o
 .text.RCC_GetITStatus
                0x00000000       0x40 ..\obj\stm32f10x_rcc.o
 .text.RCC_ClearITPendingBit
                0x00000000       0x20 ..\obj\stm32f10x_rcc.o
 .text          0x00000000        0x0 ..\obj\startup_stm32f10x_cl.o
 .data          0x00000000        0x0 ..\obj\startup_stm32f10x_cl.o
 .bss           0x00000000        0x0 ..\obj\startup_stm32f10x_cl.o
 .text          0x00000000        0x0 ..\obj\stm32f10x_usart.o
 .data          0x00000000        0x0 ..\obj\stm32f10x_usart.o
 .bss           0x00000000        0x0 ..\obj\stm32f10x_usart.o
 .text.USART_DeInit
                0x00000000       0xcc ..\obj\stm32f10x_usart.o
 .text.USART_StructInit
                0x00000000       0x44 ..\obj\stm32f10x_usart.o
 .text.USART_ClockInit
                0x00000000       0x60 ..\obj\stm32f10x_usart.o
 .text.USART_ClockStructInit
                0x00000000       0x34 ..\obj\stm32f10x_usart.o
 .text.USART_ITConfig
                0x00000000       0xa8 ..\obj\stm32f10x_usart.o
 .text.USART_DMACmd
                0x00000000       0x4c ..\obj\stm32f10x_usart.o
 .text.USART_SetAddress
                0x00000000       0x3c ..\obj\stm32f10x_usart.o
 .text.USART_WakeUpConfig
                0x00000000       0x38 ..\obj\stm32f10x_usart.o
 .text.USART_ReceiverWakeUpCmd
                0x00000000       0x40 ..\obj\stm32f10x_usart.o
 .text.USART_LINBreakDetectLengthConfig
                0x00000000       0x38 ..\obj\stm32f10x_usart.o
 .text.USART_LINCmd
                0x00000000       0x40 ..\obj\stm32f10x_usart.o
 .text.USART_SendData
                0x00000000       0x28 ..\obj\stm32f10x_usart.o
 .text.USART_ReceiveData
                0x00000000       0x24 ..\obj\stm32f10x_usart.o
 .text.USART_SendBreak
                0x00000000       0x24 ..\obj\stm32f10x_usart.o
 .text.USART_SetGuardTime
                0x00000000       0x40 ..\obj\stm32f10x_usart.o
 .text.USART_SetPrescaler
                0x00000000       0x3c ..\obj\stm32f10x_usart.o
 .text.USART_SmartCardCmd
                0x00000000       0x40 ..\obj\stm32f10x_usart.o
 .text.USART_SmartCardNACKCmd
                0x00000000       0x40 ..\obj\stm32f10x_usart.o
 .text.USART_HalfDuplexCmd
                0x00000000       0x40 ..\obj\stm32f10x_usart.o
 .text.USART_OverSampling8Cmd
                0x00000000       0x48 ..\obj\stm32f10x_usart.o
 .text.USART_OneBitMethodCmd
                0x00000000       0x40 ..\obj\stm32f10x_usart.o
 .text.USART_IrDAConfig
                0x00000000       0x38 ..\obj\stm32f10x_usart.o
 .text.USART_IrDACmd
                0x00000000       0x40 ..\obj\stm32f10x_usart.o
 .text.USART_GetFlagStatus
                0x00000000       0x40 ..\obj\stm32f10x_usart.o
 .text.USART_ClearFlag
                0x00000000       0x24 ..\obj\stm32f10x_usart.o
 .text.USART_GetITStatus
                0x00000000       0xcc ..\obj\stm32f10x_usart.o
 .text.USART_ClearITPendingBit
                0x00000000       0x44 ..\obj\stm32f10x_usart.o

Memory Configuration

Name             Origin             Length             Attributes
rom              0x08000000         0x00040000         xr
ram              0x20000000         0x00010000         xrw
*default*        0x00000000         0xffffffff

Linker script and memory map

                0x20010000                _eram = 0x20010000

.text           0x08000000      0xb14
 *(.isr_vector .isr_vector.*)
 .isr_vector    0x08000000      0x154 ..\obj\startup_stm32f10x_cl.o
                0x08000000                g_pfnVectors
 *(.text .text.* .gnu.linkonce.t.*)
 .text.SystemInit
                0x08000154       0x7c ..\obj\system_stm32f10x.o
                0x08000154                SystemInit
 .text.SetSysClock
                0x080001d0        0xc ..\obj\system_stm32f10x.o
 .text.SetSysClockTo72
                0x080001dc      0x144 ..\obj\system_stm32f10x.o
 .text.GPIO_Init
                0x08000320      0x1c0 ..\obj\stm32f10x_gpio.o
                0x08000320                GPIO_Init
 .text.GPIO_WriteBit
                0x080004e0       0x30 ..\obj\stm32f10x_gpio.o
                0x080004e0                GPIO_WriteBit
 .text.Delay    0x08000510       0x28 ..\obj\main.o
                0x08000510                Delay
 .text.main     0x08000538      0x144 ..\obj\main.o
                0x08000538                main
 .text.RCC_GetClocksFreq
                0x0800067c      0x1f4 ..\obj\stm32f10x_rcc.o
                0x0800067c                RCC_GetClocksFreq
 .text.RCC_APB2PeriphClockCmd
                0x08000870       0x44 ..\obj\stm32f10x_rcc.o
                0x08000870                RCC_APB2PeriphClockCmd
 .text.Default_Reset_Handler
                0x080008b4       0x68 ..\obj\startup_stm32f10x_cl.o
                0x080008b4                Default_Reset_Handler
                0x080008b4                Reset_Handler
 .text.Default_Handler
                0x0800091c        0x8 ..\obj\startup_stm32f10x_cl.o
                0x0800091c                EXTI2_IRQHandler
                0x0800091c                DebugMon_Handler
                0x0800091c                TIM1_CC_IRQHandler
                0x0800091c                HardFault_Handler
                0x0800091c                TIM6_IRQHandler
                0x0800091c                SysTick_Handler
                0x0800091c                PVD_IRQHandler
                0x0800091c                PendSV_Handler
                0x0800091c                NMI_Handler
                0x0800091c                CAN2_RX1_IRQHandler
                0x0800091c                EXTI3_IRQHandler
                0x0800091c                EXTI0_IRQHandler
                0x0800091c                I2C2_EV_IRQHandler
                0x0800091c                CAN1_RX0_IRQHandler
                0x0800091c                UsageFault_Handler
                0x0800091c                CAN2_SCE_IRQHandler
                0x0800091c                ADC1_2_IRQHandler
                0x0800091c                SPI1_IRQHandler
                0x0800091c                TAMPER_IRQHandler
                0x0800091c                CAN2_RX0_IRQHandler
                0x0800091c                DMA2_Channel2_IRQHandler
                0x0800091c                DMA1_Channel4_IRQHandler
                0x0800091c                USART3_IRQHandler
                0x0800091c                RTC_IRQHandler
                0x0800091c                DMA1_Channel7_IRQHandler
                0x0800091c                CAN1_RX1_IRQHandler
                0x0800091c                UART5_IRQHandler
                0x0800091c                TIM4_IRQHandler
                0x0800091c                DMA2_Channel1_IRQHandler
                0x0800091c                I2C1_EV_IRQHandler
                0x0800091c                DMA1_Channel6_IRQHandler
                0x0800091c                UART4_IRQHandler
                0x0800091c                DMA2_Channel4_IRQHandler
                0x0800091c                TIM3_IRQHandler
                0x0800091c                RCC_IRQHandler
                0x0800091c                TIM1_TRG_COM_IRQHandler
                0x0800091c                DMA1_Channel1_IRQHandler
                0x0800091c                EXTI15_10_IRQHandler
                0x0800091c                TIM7_IRQHandler
                0x0800091c                CAN2_TX_IRQHandler
                0x0800091c                TIM5_IRQHandler
                0x0800091c                EXTI9_5_IRQHandler
                0x0800091c                ETH_WKUP_IRQHandler
                0x0800091c                SPI2_IRQHandler
                0x0800091c                MemManage_Handler
                0x0800091c                CAN1_TX_IRQHandler
                0x0800091c                SVC_Handler
                0x0800091c                DMA2_Channel5_IRQHandler
                0x0800091c                DMA1_Channel5_IRQHandler
                0x0800091c                EXTI4_IRQHandler
                0x0800091c                DMA1_Channel3_IRQHandler
                0x0800091c                ETH_IRQHandler
                0x0800091c                TIM1_UP_IRQHandler
                0x0800091c                WWDG_IRQHandler
                0x0800091c                TIM2_IRQHandler
                0x0800091c                OTG_FS_WKUP_IRQHandler
                0x0800091c                TIM1_BRK_IRQHandler
                0x0800091c                EXTI1_IRQHandler
                0x0800091c                RTCAlarm_IRQHandler
                0x0800091c                USART2_IRQHandler
                0x0800091c                I2C2_ER_IRQHandler
                0x0800091c                DMA1_Channel2_IRQHandler
                0x0800091c                CAN1_SCE_IRQHandler
                0x0800091c                FLASH_IRQHandler
                0x0800091c                BusFault_Handler
                0x0800091c                USART1_IRQHandler
                0x0800091c                OTG_FS_IRQHandler
                0x0800091c                SPI3_IRQHandler
                0x0800091c                I2C1_ER_IRQHandler
                0x0800091c                DMA2_Channel3_IRQHandler
 .text.USART_Init
                0x08000924      0x1b0 ..\obj\stm32f10x_usart.o
                0x08000924                USART_Init
 .text.USART_Cmd
                0x08000ad4       0x40 ..\obj\stm32f10x_usart.o
                0x08000ad4                USART_Cmd
 *(.glue_7t)
 .glue_7t       0x00000000        0x0 linker stubs
 *(.glue_7)
 .glue_7        0x00000000        0x0 linker stubs
 *(.rodata .rodata* .gnu.linkonce.r.*)

.vfp11_veneer   0x08000b14        0x0
 .vfp11_veneer  0x00000000        0x0 linker stubs

.v4_bx          0x08000b14        0x0
 .v4_bx         0x00000000        0x0 linker stubs

.ARM.extab
 *(.ARM.extab* .gnu.linkonce.armextab.*)

.ARM.exidx
 *(.ARM.exidx* .gnu.linkonce.armexidx.*)
                0x08000b14                . = ALIGN (0x4)
                0x08000b14                _etext = .
                0x08000b14                _sidata = .

.data           0x20000000       0x14 load address 0x08000b14
                0x20000000                _sdata = .
 *(.data .data.*)
 .data          0x20000000       0x14 ..\obj\stm32f10x_rcc.o
                0x20000014                . = ALIGN (0x4)
                0x20000014                _edata = .

.bss            0x20000014        0x0
                0x20000014                _sbss = .
 *(.bss .bss.*)
 *(COMMON)
                0x20000014                . = ALIGN (0x4)
                0x20000014                _ebss = .

.co_stack       0x20000014      0x404 load address 0x08000b28
                0x20000018                . = ALIGN (0x8)
 *fill*         0x20000014        0x4 00
 *(.co_stack .co_stack.*)
 .co_stack      0x20000018      0x400 ..\obj\startup_stm32f10x_cl.o
                0x20000018                pulStack
                0x20000418                . = ALIGN (0x4)
                0x20000418                _end = .
LOAD ..\obj\core_cm3.o
LOAD ..\obj\system_stm32f10x.o
LOAD ..\obj\stm32f10x_gpio.o
LOAD ..\obj\main.o
LOAD ..\obj\stm32f10x_rcc.o
LOAD ..\obj\startup_stm32f10x_cl.o
LOAD ..\obj\stm32f10x_usart.o
START GROUP
LOAD c:/coocox/coide/gcc/sourcery g++ lite/bin/../lib/gcc/arm-none-eabi/4.5.2/thumb2\libgcc.a
LOAD c:/coocox/coide/gcc/sourcery g++ lite/bin/../lib/gcc/arm-none-eabi/4.5.2/../../../../arm-none-eabi/lib/thumb2\libc.a
END GROUP
OUTPUT(UART.elf elf32-littlearm)

.debug_abbrev   0x00000000      0x8b9
 .debug_abbrev  0x00000000       0xd5 ..\obj\core_cm3.o
 .debug_abbrev  0x000000d5      0x17e ..\obj\system_stm32f10x.o
 .debug_abbrev  0x00000253      0x1a4 ..\obj\stm32f10x_gpio.o
 .debug_abbrev  0x000003f7      0x133 ..\obj\main.o
 .debug_abbrev  0x0000052a      0x191 ..\obj\stm32f10x_rcc.o
 .debug_abbrev  0x000006bb       0xa3 ..\obj\startup_stm32f10x_cl.o
 .debug_abbrev  0x0000075e      0x15b ..\obj\stm32f10x_usart.o

.debug_info     0x00000000     0x2c20
 .debug_info    0x00000000      0x548 ..\obj\core_cm3.o
 .debug_info    0x00000548      0x4fa ..\obj\system_stm32f10x.o
 .debug_info    0x00000a42      0x723 ..\obj\stm32f10x_gpio.o
 .debug_info    0x00001165      0x3ef ..\obj\main.o
 .debug_info    0x00001554      0xb2f ..\obj\stm32f10x_rcc.o
 .debug_info    0x00002083      0x131 ..\obj\startup_stm32f10x_cl.o
 .debug_info    0x000021b4      0xa6c ..\obj\stm32f10x_usart.o

.debug_line     0x00000000     0x1525
 .debug_line    0x00000000      0x28b ..\obj\core_cm3.o
 .debug_line    0x0000028b      0x24b ..\obj\system_stm32f10x.o
 .debug_line    0x000004d6      0x390 ..\obj\stm32f10x_gpio.o
 .debug_line    0x00000866      0x231 ..\obj\main.o
 .debug_line    0x00000a97      0x562 ..\obj\stm32f10x_rcc.o
 .debug_line    0x00000ff9       0xb0 ..\obj\startup_stm32f10x_cl.o
 .debug_line    0x000010a9      0x47c ..\obj\stm32f10x_usart.o

.debug_loc      0x00000000     0x189c
 .debug_loc     0x00000000      0x3f0 ..\obj\core_cm3.o
 .debug_loc     0x000003f0       0xc8 ..\obj\system_stm32f10x.o
 .debug_loc     0x000004b8      0x3e4 ..\obj\stm32f10x_gpio.o
 .debug_loc     0x0000089c       0x70 ..\obj\main.o
 .debug_loc     0x0000090c      0x8d4 ..\obj\stm32f10x_rcc.o
 .debug_loc     0x000011e0       0x64 ..\obj\startup_stm32f10x_cl.o
 .debug_loc     0x00001244      0x658 ..\obj\stm32f10x_usart.o

.debug_pubnames
                0x00000000      0x9d8
 .debug_pubnames
                0x00000000      0x159 ..\obj\core_cm3.o
 .debug_pubnames
                0x00000159       0x61 ..\obj\system_stm32f10x.o
 .debug_pubnames
                0x000001ba      0x19d ..\obj\stm32f10x_gpio.o
 .debug_pubnames
                0x00000357       0x25 ..\obj\main.o
 .debug_pubnames
                0x0000037c      0x37e ..\obj\stm32f10x_rcc.o
 .debug_pubnames
                0x000006fa       0x4a ..\obj\startup_stm32f10x_cl.o
 .debug_pubnames
                0x00000744      0x294 ..\obj\stm32f10x_usart.o

.debug_pubtypes
                0x00000000      0x386
 .debug_pubtypes
                0x00000000       0x50 ..\obj\core_cm3.o
 .debug_pubtypes
                0x00000050       0x67 ..\obj\system_stm32f10x.o
 .debug_pubtypes
                0x000000b7       0xc3 ..\obj\stm32f10x_gpio.o
 .debug_pubtypes
                0x0000017a       0xa5 ..\obj\main.o
 .debug_pubtypes
                0x0000021f       0x9e ..\obj\stm32f10x_rcc.o
 .debug_pubtypes
                0x000002bd       0xc9 ..\obj\stm32f10x_usart.o

.debug_aranges  0x00000000      0x458
 .debug_aranges
                0x00000000       0xc8 ..\obj\core_cm3.o
 .debug_aranges
                0x000000c8       0x38 ..\obj\system_stm32f10x.o
 .debug_aranges
                0x00000100       0xa8 ..\obj\stm32f10x_gpio.o
 .debug_aranges
                0x000001a8       0x28 ..\obj\main.o
 .debug_aranges
                0x000001d0      0x160 ..\obj\stm32f10x_rcc.o
 .debug_aranges
                0x00000330       0x28 ..\obj\startup_stm32f10x_cl.o
 .debug_aranges
                0x00000358      0x100 ..\obj\stm32f10x_usart.o

.debug_ranges   0x00000000      0x3e8
 .debug_ranges  0x00000000       0xb8 ..\obj\core_cm3.o
 .debug_ranges  0x000000b8       0x28 ..\obj\system_stm32f10x.o
 .debug_ranges  0x000000e0       0x98 ..\obj\stm32f10x_gpio.o
 .debug_ranges  0x00000178       0x18 ..\obj\main.o
 .debug_ranges  0x00000190      0x150 ..\obj\stm32f10x_rcc.o
 .debug_ranges  0x000002e0       0x18 ..\obj\startup_stm32f10x_cl.o
 .debug_ranges  0x000002f8       0xf0 ..\obj\stm32f10x_usart.o

.debug_str      0x00000000     0x1215
 .debug_str     0x00000000      0x1f3 ..\obj\core_cm3.o
                                0x237 (size before relaxing)
 .debug_str     0x000001f3      0x1c8 ..\obj\system_stm32f10x.o
                                0x28b (size before relaxing)
 .debug_str     0x000003bb      0x3cd ..\obj\stm32f10x_gpio.o
                                0x484 (size before relaxing)
 .debug_str     0x00000788      0x12c ..\obj\main.o
                                0x328 (size before relaxing)
 .debug_str     0x000008b4      0x4fd ..\obj\stm32f10x_rcc.o
                                0x6cd (size before relaxing)
 .debug_str     0x00000db1       0xbe ..\obj\startup_stm32f10x_cl.o
                                 0xe9 (size before relaxing)
 .debug_str     0x00000e6f      0x3a6 ..\obj\stm32f10x_usart.o
                                0x5fb (size before relaxing)

.comment        0x00000000       0x2a
 .comment       0x00000000       0x2a ..\obj\core_cm3.o
                                 0x2b (size before relaxing)
 .comment       0x00000000       0x2b ..\obj\system_stm32f10x.o
 .comment       0x00000000       0x2b ..\obj\stm32f10x_gpio.o
 .comment       0x00000000       0x2b ..\obj\main.o
 .comment       0x00000000       0x2b ..\obj\stm32f10x_rcc.o
 .comment       0x00000000       0x2b ..\obj\startup_stm32f10x_cl.o
 .comment       0x00000000       0x2b ..\obj\stm32f10x_usart.o

.ARM.attributes
                0x00000000       0x31
 .ARM.attributes
                0x00000000       0x31 ..\obj\core_cm3.o
 .ARM.attributes
                0x00000031       0x31 ..\obj\system_stm32f10x.o
 .ARM.attributes
                0x00000062       0x31 ..\obj\stm32f10x_gpio.o
 .ARM.attributes
                0x00000093       0x31 ..\obj\main.o
 .ARM.attributes
                0x000000c4       0x31 ..\obj\stm32f10x_rcc.o
 .ARM.attributes
                0x000000f5       0x31 ..\obj\startup_stm32f10x_cl.o
 .ARM.attributes
                0x00000126       0x31 ..\obj\stm32f10x_usart.o

.debug_frame    0x00000000      0xd6c
 .debug_frame   0x00000000      0x280 ..\obj\core_cm3.o
 .debug_frame   0x00000280       0x80 ..\obj\system_stm32f10x.o
 .debug_frame   0x00000300      0x210 ..\obj\stm32f10x_gpio.o
 .debug_frame   0x00000510       0x4c ..\obj\main.o
 .debug_frame   0x0000055c      0x484 ..\obj\stm32f10x_rcc.o
 .debug_frame   0x000009e0       0x48 ..\obj\startup_stm32f10x_cl.o
 .debug_frame   0x00000a28      0x344 ..\obj\stm32f10x_usart.o
