
Allocating common symbols
Common symbol       size              file

NumberBytesToRec    0x1               ..\obj\filmobus3.o
TransMassivRTULong  0x1               ..\obj\filmobus3.o
CurrentTransRTUByte
                    0x1               ..\obj\filmobus3.o
TxMassivRTU         0x31              ..\obj\filmobus3.o
RxMassivDK          0x22              ..\obj\filmobus3.o
ADC_buff            0x6               ..\obj\main.o
DirectionRx         0x4               ..\obj\filmobus3.o

Discarded input sections

 .text          0x00000000        0x0 ..\obj\core_cm3.o
 .data          0x00000000        0x0 ..\obj\core_cm3.o
 .bss           0x00000000        0x0 ..\obj\core_cm3.o
 .text.__get_PSP
                0x00000000        0x8 ..\obj\core_cm3.o
 .text.__set_PSP
                0x00000000        0x8 ..\obj\core_cm3.o
 .text.__get_MSP
                0x00000000        0x8 ..\obj\core_cm3.o
 .text.__set_MSP
                0x00000000        0x8 ..\obj\core_cm3.o
 .text.__get_BASEPRI
                0x00000000        0x8 ..\obj\core_cm3.o
 .text.__set_BASEPRI
                0x00000000        0x8 ..\obj\core_cm3.o
 .text.__get_PRIMASK
                0x00000000        0x8 ..\obj\core_cm3.o
 .text.__set_PRIMASK
                0x00000000        0x8 ..\obj\core_cm3.o
 .text.__get_FAULTMASK
                0x00000000        0x8 ..\obj\core_cm3.o
 .text.__set_FAULTMASK
                0x00000000        0x8 ..\obj\core_cm3.o
 .text.__get_CONTROL
                0x00000000        0x8 ..\obj\core_cm3.o
 .text.__set_CONTROL
                0x00000000        0x8 ..\obj\core_cm3.o
 .text.__REV    0x00000000        0x4 ..\obj\core_cm3.o
 .text.__REV16  0x00000000        0x4 ..\obj\core_cm3.o
 .text.__REVSH  0x00000000        0x4 ..\obj\core_cm3.o
 .text.__RBIT   0x00000000        0x8 ..\obj\core_cm3.o
 .text.__LDREXB
                0x00000000        0x8 ..\obj\core_cm3.o
 .text.__LDREXH
                0x00000000        0x8 ..\obj\core_cm3.o
 .text.__LDREXW
                0x00000000        0x8 ..\obj\core_cm3.o
 .text.__STREXB
                0x00000000        0x8 ..\obj\core_cm3.o
 .text.__STREXH
                0x00000000        0x8 ..\obj\core_cm3.o
 .text.__STREXW
                0x00000000        0x8 ..\obj\core_cm3.o
 .text          0x00000000        0x0 ..\obj\system_stm32f10x.o
 .data          0x00000000       0x14 ..\obj\system_stm32f10x.o
 .bss           0x00000000        0x0 ..\obj\system_stm32f10x.o
 .text.SystemCoreClockUpdate
                0x00000000       0xcc ..\obj\system_stm32f10x.o
 .text          0x00000000        0x0 ..\obj\filmobus3.o
 .data          0x00000000        0x0 ..\obj\filmobus3.o
 .bss           0x00000000        0xc ..\obj\filmobus3.o
 .text.TxCRC    0x00000000       0x34 ..\obj\filmobus3.o
 .text.RxCRC    0x00000000       0x34 ..\obj\filmobus3.o
 .text.FormingCRC_Filmobus3
                0x00000000       0x5c ..\obj\filmobus3.o
 .text.FormingPosilka_Filmobus3
                0x00000000      0x438 ..\obj\filmobus3.o
 .text.UART_DMA_INIT
                0x00000000       0x80 ..\obj\filmobus3.o
 COMMON         0x00000000       0x60 ..\obj\filmobus3.o
 .text          0x00000000        0x0 ..\obj\stm32f10x_gpio.o
 .data          0x00000000        0x0 ..\obj\stm32f10x_gpio.o
 .bss           0x00000000        0x0 ..\obj\stm32f10x_gpio.o
 .text.GPIO_DeInit
                0x00000000      0x100 ..\obj\stm32f10x_gpio.o
 .text.GPIO_AFIODeInit
                0x00000000       0x1c ..\obj\stm32f10x_gpio.o
 .text.GPIO_StructInit
                0x00000000       0x14 ..\obj\stm32f10x_gpio.o
 .text.GPIO_ReadInputDataBit
                0x00000000        0xc ..\obj\stm32f10x_gpio.o
 .text.GPIO_ReadInputData
                0x00000000        0x8 ..\obj\stm32f10x_gpio.o
 .text.GPIO_ReadOutputDataBit
                0x00000000        0xc ..\obj\stm32f10x_gpio.o
 .text.GPIO_ReadOutputData
                0x00000000        0x8 ..\obj\stm32f10x_gpio.o
 .text.GPIO_SetBits
                0x00000000        0x4 ..\obj\stm32f10x_gpio.o
 .text.GPIO_ResetBits
                0x00000000        0x4 ..\obj\stm32f10x_gpio.o
 .text.GPIO_WriteBit
                0x00000000        0xc ..\obj\stm32f10x_gpio.o
 .text.GPIO_Write
                0x00000000        0x4 ..\obj\stm32f10x_gpio.o
 .text.GPIO_PinLockConfig
                0x00000000       0x10 ..\obj\stm32f10x_gpio.o
 .text.GPIO_EventOutputConfig
                0x00000000       0x20 ..\obj\stm32f10x_gpio.o
 .text.GPIO_EventOutputCmd
                0x00000000        0xc ..\obj\stm32f10x_gpio.o
 .text.GPIO_PinRemapConfig
                0x00000000       0x7c ..\obj\stm32f10x_gpio.o
 .text.GPIO_EXTILineConfig
                0x00000000       0x40 ..\obj\stm32f10x_gpio.o
 .text.GPIO_ETH_MediaInterfaceConfig
                0x00000000        0xc ..\obj\stm32f10x_gpio.o
 .text          0x00000000        0x0 ..\obj\main.o
 .data          0x00000000        0x0 ..\obj\main.o
 .bss           0x00000000        0x0 ..\obj\main.o
 .text.DAC_init
                0x00000000       0x20 ..\obj\main.o
 .text.USART2_init
                0x00000000       0xc4 ..\obj\main.o
 .text.ADC_init
                0x00000000      0x120 ..\obj\main.o
 .text.Delay    0x00000000       0x20 ..\obj\main.o
 COMMON         0x00000000        0x6 ..\obj\main.o
 .text          0x00000000        0x0 ..\obj\stm32f10x_rcc.o
 .data          0x00000000       0x14 ..\obj\stm32f10x_rcc.o
 .bss           0x00000000        0x0 ..\obj\stm32f10x_rcc.o
 .text.RCC_DeInit
                0x00000000       0x50 ..\obj\stm32f10x_rcc.o
 .text.RCC_HSEConfig
                0x00000000       0x3c ..\obj\stm32f10x_rcc.o
 .text.RCC_AdjustHSICalibrationValue
                0x00000000       0x14 ..\obj\stm32f10x_rcc.o
 .text.RCC_HSICmd
                0x00000000        0xc ..\obj\stm32f10x_rcc.o
 .text.RCC_PLLConfig
                0x00000000       0x18 ..\obj\stm32f10x_rcc.o
 .text.RCC_PLLCmd
                0x00000000        0xc ..\obj\stm32f10x_rcc.o
 .text.RCC_PREDIV1Config
                0x00000000       0x1c ..\obj\stm32f10x_rcc.o
 .text.RCC_PREDIV2Config
                0x00000000       0x14 ..\obj\stm32f10x_rcc.o
 .text.RCC_PLL2Config
                0x00000000       0x14 ..\obj\stm32f10x_rcc.o
 .text.RCC_PLL2Cmd
                0x00000000        0xc ..\obj\stm32f10x_rcc.o
 .text.RCC_PLL3Config
                0x00000000       0x14 ..\obj\stm32f10x_rcc.o
 .text.RCC_PLL3Cmd
                0x00000000        0xc ..\obj\stm32f10x_rcc.o
 .text.RCC_SYSCLKConfig
                0x00000000       0x14 ..\obj\stm32f10x_rcc.o
 .text.RCC_GetSYSCLKSource
                0x00000000       0x10 ..\obj\stm32f10x_rcc.o
 .text.RCC_HCLKConfig
                0x00000000       0x14 ..\obj\stm32f10x_rcc.o
 .text.RCC_PCLK1Config
                0x00000000       0x14 ..\obj\stm32f10x_rcc.o
 .text.RCC_PCLK2Config
                0x00000000       0x14 ..\obj\stm32f10x_rcc.o
 .text.RCC_ITConfig
                0x00000000       0x1c ..\obj\stm32f10x_rcc.o
 .text.RCC_OTGFSCLKConfig
                0x00000000        0xc ..\obj\stm32f10x_rcc.o
 .text.RCC_ADCCLKConfig
                0x00000000       0x14 ..\obj\stm32f10x_rcc.o
 .text.RCC_I2S2CLKConfig
                0x00000000        0xc ..\obj\stm32f10x_rcc.o
 .text.RCC_I2S3CLKConfig
                0x00000000        0xc ..\obj\stm32f10x_rcc.o
 .text.RCC_LSEConfig
                0x00000000       0x2c ..\obj\stm32f10x_rcc.o
 .text.RCC_LSICmd
                0x00000000        0xc ..\obj\stm32f10x_rcc.o
 .text.RCC_RTCCLKConfig
                0x00000000       0x10 ..\obj\stm32f10x_rcc.o
 .text.RCC_RTCCLKCmd
                0x00000000        0xc ..\obj\stm32f10x_rcc.o
 .text.RCC_GetClocksFreq
                0x00000000       0xec ..\obj\stm32f10x_rcc.o
 .text.RCC_AHBPeriphClockCmd
                0x00000000       0x1c ..\obj\stm32f10x_rcc.o
 .text.RCC_APB1PeriphClockCmd
                0x00000000       0x1c ..\obj\stm32f10x_rcc.o
 .text.RCC_AHBPeriphResetCmd
                0x00000000       0x1c ..\obj\stm32f10x_rcc.o
 .text.RCC_APB2PeriphResetCmd
                0x00000000       0x1c ..\obj\stm32f10x_rcc.o
 .text.RCC_APB1PeriphResetCmd
                0x00000000       0x1c ..\obj\stm32f10x_rcc.o
 .text.RCC_BackupResetCmd
                0x00000000        0xc ..\obj\stm32f10x_rcc.o
 .text.RCC_ClockSecuritySystemCmd
                0x00000000        0xc ..\obj\stm32f10x_rcc.o
 .text.RCC_MCOConfig
                0x00000000        0xc ..\obj\stm32f10x_rcc.o
 .text.RCC_GetFlagStatus
                0x00000000       0x2c ..\obj\stm32f10x_rcc.o
 .text.RCC_WaitForHSEStartUp
                0x00000000       0x3c ..\obj\stm32f10x_rcc.o
 .text.RCC_ClearFlag
                0x00000000       0x10 ..\obj\stm32f10x_rcc.o
 .text.RCC_GetITStatus
                0x00000000       0x14 ..\obj\stm32f10x_rcc.o
 .text.RCC_ClearITPendingBit
                0x00000000        0xc ..\obj\stm32f10x_rcc.o
 .text          0x00000000        0x0 ..\obj\startup_stm32f10x_cl.o
 .data          0x00000000        0x0 ..\obj\startup_stm32f10x_cl.o
 .bss           0x00000000        0x0 ..\obj\startup_stm32f10x_cl.o
 .text          0x00000000        0x0 ..\obj\stm32f10x_adc.o
 .data          0x00000000        0x0 ..\obj\stm32f10x_adc.o
 .bss           0x00000000        0x0 ..\obj\stm32f10x_adc.o
 .text.ADC_DeInit
                0x00000000       0x70 ..\obj\stm32f10x_adc.o
 .text.ADC_Init
                0x00000000       0x50 ..\obj\stm32f10x_adc.o
 .text.ADC_StructInit
                0x00000000       0x18 ..\obj\stm32f10x_adc.o
 .text.ADC_Cmd  0x00000000       0x18 ..\obj\stm32f10x_adc.o
 .text.ADC_DMACmd
                0x00000000       0x18 ..\obj\stm32f10x_adc.o
 .text.ADC_ITConfig
                0x00000000       0x18 ..\obj\stm32f10x_adc.o
 .text.ADC_ResetCalibration
                0x00000000        0xc ..\obj\stm32f10x_adc.o
 .text.ADC_GetResetCalibrationStatus
                0x00000000        0x8 ..\obj\stm32f10x_adc.o
 .text.ADC_StartCalibration
                0x00000000        0xc ..\obj\stm32f10x_adc.o
 .text.ADC_GetCalibrationStatus
                0x00000000        0x8 ..\obj\stm32f10x_adc.o
 .text.ADC_SoftwareStartConvCmd
                0x00000000       0x18 ..\obj\stm32f10x_adc.o
 .text.ADC_GetSoftwareStartConvStatus
                0x00000000        0x8 ..\obj\stm32f10x_adc.o
 .text.ADC_DiscModeChannelCountConfig
                0x00000000       0x14 ..\obj\stm32f10x_adc.o
 .text.ADC_DiscModeCmd
                0x00000000       0x18 ..\obj\stm32f10x_adc.o
 .text.ADC_RegularChannelConfig
                0x00000000       0xb4 ..\obj\stm32f10x_adc.o
 .text.ADC_ExternalTrigConvCmd
                0x00000000       0x18 ..\obj\stm32f10x_adc.o
 .text.ADC_GetConversionValue
                0x00000000        0x8 ..\obj\stm32f10x_adc.o
 .text.ADC_GetDualModeConversionValue
                0x00000000        0xc ..\obj\stm32f10x_adc.o
 .text.ADC_AutoInjectedConvCmd
                0x00000000       0x18 ..\obj\stm32f10x_adc.o
 .text.ADC_InjectedDiscModeCmd
                0x00000000       0x18 ..\obj\stm32f10x_adc.o
 .text.ADC_ExternalTrigInjectedConvConfig
                0x00000000       0x10 ..\obj\stm32f10x_adc.o
 .text.ADC_ExternalTrigInjectedConvCmd
                0x00000000       0x18 ..\obj\stm32f10x_adc.o
 .text.ADC_SoftwareStartInjectedConvCmd
                0x00000000       0x18 ..\obj\stm32f10x_adc.o
 .text.ADC_GetSoftwareStartInjectedConvCmdStatus
                0x00000000        0x8 ..\obj\stm32f10x_adc.o
 .text.ADC_InjectedChannelConfig
                0x00000000       0x70 ..\obj\stm32f10x_adc.o
 .text.ADC_InjectedSequencerLengthConfig
                0x00000000       0x14 ..\obj\stm32f10x_adc.o
 .text.ADC_SetInjectedOffset
                0x00000000       0x18 ..\obj\stm32f10x_adc.o
 .text.ADC_GetInjectedConversionValue
                0x00000000       0x20 ..\obj\stm32f10x_adc.o
 .text.ADC_AnalogWatchdogCmd
                0x00000000       0x14 ..\obj\stm32f10x_adc.o
 .text.ADC_AnalogWatchdogThresholdsConfig
                0x00000000        0x8 ..\obj\stm32f10x_adc.o
 .text.ADC_AnalogWatchdogSingleChannelConfig
                0x00000000       0x10 ..\obj\stm32f10x_adc.o
 .text.ADC_TempSensorVrefintCmd
                0x00000000       0x20 ..\obj\stm32f10x_adc.o
 .text.ADC_GetFlagStatus
                0x00000000        0xc ..\obj\stm32f10x_adc.o
 .text.ADC_ClearFlag
                0x00000000        0x8 ..\obj\stm32f10x_adc.o
 .text.ADC_GetITStatus
                0x00000000       0x1c ..\obj\stm32f10x_adc.o
 .text.ADC_ClearITPendingBit
                0x00000000        0x8 ..\obj\stm32f10x_adc.o
 .text          0x00000000        0x0 ..\obj\stm32f10x_usart.o
 .data          0x00000000        0x0 ..\obj\stm32f10x_usart.o
 .bss           0x00000000        0x0 ..\obj\stm32f10x_usart.o
 .text.USART_DeInit
                0x00000000       0xb8 ..\obj\stm32f10x_usart.o
 .text.USART_Init
                0x00000000       0xec ..\obj\stm32f10x_usart.o
 .text.USART_StructInit
                0x00000000       0x1c ..\obj\stm32f10x_usart.o
 .text.USART_ClockInit
                0x00000000       0x2c ..\obj\stm32f10x_usart.o
 .text.USART_ClockStructInit
                0x00000000       0x10 ..\obj\stm32f10x_usart.o
 .text.USART_Cmd
                0x00000000       0x20 ..\obj\stm32f10x_usart.o
 .text.USART_ITConfig
                0x00000000       0x3c ..\obj\stm32f10x_usart.o
 .text.USART_DMACmd
                0x00000000       0x18 ..\obj\stm32f10x_usart.o
 .text.USART_SetAddress
                0x00000000       0x1c ..\obj\stm32f10x_usart.o
 .text.USART_WakeUpConfig
                0x00000000       0x1c ..\obj\stm32f10x_usart.o
 .text.USART_ReceiverWakeUpCmd
                0x00000000       0x20 ..\obj\stm32f10x_usart.o
 .text.USART_LINBreakDetectLengthConfig
                0x00000000       0x1c ..\obj\stm32f10x_usart.o
 .text.USART_LINCmd
                0x00000000       0x20 ..\obj\stm32f10x_usart.o
 .text.USART_SendData
                0x00000000        0xc ..\obj\stm32f10x_usart.o
 .text.USART_ReceiveData
                0x00000000        0xc ..\obj\stm32f10x_usart.o
 .text.USART_SendBreak
                0x00000000        0xc ..\obj\stm32f10x_usart.o
 .text.USART_SetGuardTime
                0x00000000       0x14 ..\obj\stm32f10x_usart.o
 .text.USART_SetPrescaler
                0x00000000       0x14 ..\obj\stm32f10x_usart.o
 .text.USART_SmartCardCmd
                0x00000000       0x20 ..\obj\stm32f10x_usart.o
 .text.USART_SmartCardNACKCmd
                0x00000000       0x20 ..\obj\stm32f10x_usart.o
 .text.USART_HalfDuplexCmd
                0x00000000       0x20 ..\obj\stm32f10x_usart.o
 .text.USART_OverSampling8Cmd
                0x00000000       0x20 ..\obj\stm32f10x_usart.o
 .text.USART_OneBitMethodCmd
                0x00000000       0x20 ..\obj\stm32f10x_usart.o
 .text.USART_IrDAConfig
                0x00000000       0x1c ..\obj\stm32f10x_usart.o
 .text.USART_IrDACmd
                0x00000000       0x20 ..\obj\stm32f10x_usart.o
 .text.USART_GetFlagStatus
                0x00000000        0xc ..\obj\stm32f10x_usart.o
 .text.USART_ClearFlag
                0x00000000        0xc ..\obj\stm32f10x_usart.o
 .text.USART_GetITStatus
                0x00000000       0x54 ..\obj\stm32f10x_usart.o
 .text.USART_ClearITPendingBit
                0x00000000       0x18 ..\obj\stm32f10x_usart.o
 .text          0x00000000        0x0 ..\obj\stm32f10x_dma.o
 .data          0x00000000        0x0 ..\obj\stm32f10x_dma.o
 .bss           0x00000000        0x0 ..\obj\stm32f10x_dma.o
 .text.DMA_DeInit
                0x00000000      0x138 ..\obj\stm32f10x_dma.o
 .text.DMA_Init
                0x00000000       0x40 ..\obj\stm32f10x_dma.o
 .text.DMA_StructInit
                0x00000000       0x1c ..\obj\stm32f10x_dma.o
 .text.DMA_Cmd  0x00000000       0x1c ..\obj\stm32f10x_dma.o
 .text.DMA_ITConfig
                0x00000000       0x14 ..\obj\stm32f10x_dma.o
 .text.DMA_SetCurrDataCounter
                0x00000000        0x4 ..\obj\stm32f10x_dma.o
 .text.DMA_GetCurrDataCounter
                0x00000000        0x8 ..\obj\stm32f10x_dma.o
 .text.DMA_GetFlagStatus
                0x00000000       0x20 ..\obj\stm32f10x_dma.o
 .text.DMA_ClearFlag
                0x00000000       0x18 ..\obj\stm32f10x_dma.o
 .text.DMA_GetITStatus
                0x00000000       0x20 ..\obj\stm32f10x_dma.o
 .text.DMA_ClearITPendingBit
                0x00000000       0x18 ..\obj\stm32f10x_dma.o

Memory Configuration

Name             Origin             Length             Attributes
rom              0x08000000         0x00040000         xr
ram              0x20000000         0x00010000         xrw
*default*        0x00000000         0xffffffff

Linker script and memory map

                0x20010000                _eram = 0x20010000

.text           0x08000000      0x410
 *(.isr_vector .isr_vector.*)
 .isr_vector    0x08000000      0x154 ..\obj\startup_stm32f10x_cl.o
                0x08000000                g_pfnVectors
 *(.text .text.* .gnu.linkonce.t.*)
 .text.SystemInit
                0x08000154      0x140 ..\obj\system_stm32f10x.o
                0x08000154                SystemInit
 .text.GPIO_Init
                0x08000294       0xc4 ..\obj\stm32f10x_gpio.o
                0x08000294                GPIO_Init
 .text.IO_init  0x08000358       0x34 ..\obj\main.o
                0x08000358                IO_init
 .text.main     0x0800038c       0x18 ..\obj\main.o
                0x0800038c                main
 .text.RCC_APB2PeriphClockCmd
                0x080003a4       0x1c ..\obj\stm32f10x_rcc.o
                0x080003a4                RCC_APB2PeriphClockCmd
 .text.Default_Reset_Handler
                0x080003c0       0x4c ..\obj\startup_stm32f10x_cl.o
                0x080003c0                Default_Reset_Handler
                0x080003c0                Reset_Handler
 .text.Default_Handler
                0x0800040c        0x4 ..\obj\startup_stm32f10x_cl.o
                0x0800040c                EXTI2_IRQHandler
                0x0800040c                DebugMon_Handler
                0x0800040c                TIM1_CC_IRQHandler
                0x0800040c                HardFault_Handler
                0x0800040c                TIM6_IRQHandler
                0x0800040c                SysTick_Handler
                0x0800040c                PVD_IRQHandler
                0x0800040c                PendSV_Handler
                0x0800040c                NMI_Handler
                0x0800040c                CAN2_RX1_IRQHandler
                0x0800040c                EXTI3_IRQHandler
                0x0800040c                EXTI0_IRQHandler
                0x0800040c                I2C2_EV_IRQHandler
                0x0800040c                CAN1_RX0_IRQHandler
                0x0800040c                UsageFault_Handler
                0x0800040c                CAN2_SCE_IRQHandler
                0x0800040c                ADC1_2_IRQHandler
                0x0800040c                SPI1_IRQHandler
                0x0800040c                TAMPER_IRQHandler
                0x0800040c                CAN2_RX0_IRQHandler
                0x0800040c                DMA2_Channel2_IRQHandler
                0x0800040c                DMA1_Channel4_IRQHandler
                0x0800040c                USART3_IRQHandler
                0x0800040c                RTC_IRQHandler
                0x0800040c                DMA1_Channel7_IRQHandler
                0x0800040c                CAN1_RX1_IRQHandler
                0x0800040c                UART5_IRQHandler
                0x0800040c                TIM4_IRQHandler
                0x0800040c                DMA2_Channel1_IRQHandler
                0x0800040c                I2C1_EV_IRQHandler
                0x0800040c                DMA1_Channel6_IRQHandler
                0x0800040c                UART4_IRQHandler
                0x0800040c                DMA2_Channel4_IRQHandler
                0x0800040c                TIM3_IRQHandler
                0x0800040c                RCC_IRQHandler
                0x0800040c                TIM1_TRG_COM_IRQHandler
                0x0800040c                DMA1_Channel1_IRQHandler
                0x0800040c                EXTI15_10_IRQHandler
                0x0800040c                TIM7_IRQHandler
                0x0800040c                CAN2_TX_IRQHandler
                0x0800040c                TIM5_IRQHandler
                0x0800040c                EXTI9_5_IRQHandler
                0x0800040c                ETH_WKUP_IRQHandler
                0x0800040c                SPI2_IRQHandler
                0x0800040c                MemManage_Handler
                0x0800040c                CAN1_TX_IRQHandler
                0x0800040c                SVC_Handler
                0x0800040c                DMA2_Channel5_IRQHandler
                0x0800040c                DMA1_Channel5_IRQHandler
                0x0800040c                EXTI4_IRQHandler
                0x0800040c                DMA1_Channel3_IRQHandler
                0x0800040c                ETH_IRQHandler
                0x0800040c                TIM1_UP_IRQHandler
                0x0800040c                WWDG_IRQHandler
                0x0800040c                TIM2_IRQHandler
                0x0800040c                OTG_FS_WKUP_IRQHandler
                0x0800040c                TIM1_BRK_IRQHandler
                0x0800040c                EXTI1_IRQHandler
                0x0800040c                RTCAlarm_IRQHandler
                0x0800040c                USART2_IRQHandler
                0x0800040c                I2C2_ER_IRQHandler
                0x0800040c                DMA1_Channel2_IRQHandler
                0x0800040c                CAN1_SCE_IRQHandler
                0x0800040c                FLASH_IRQHandler
                0x0800040c                BusFault_Handler
                0x0800040c                USART1_IRQHandler
                0x0800040c                OTG_FS_IRQHandler
                0x0800040c                SPI3_IRQHandler
                0x0800040c                I2C1_ER_IRQHandler
                0x0800040c                DMA2_Channel3_IRQHandler
 *(.glue_7t)
 .glue_7t       0x00000000        0x0 linker stubs
 *(.glue_7)
 .glue_7        0x00000000        0x0 linker stubs
 *(.rodata .rodata* .gnu.linkonce.r.*)

.vfp11_veneer   0x08000410        0x0
 .vfp11_veneer  0x00000000        0x0 linker stubs

.v4_bx          0x08000410        0x0
 .v4_bx         0x00000000        0x0 linker stubs

.ARM.extab
 *(.ARM.extab* .gnu.linkonce.armextab.*)

.ARM.exidx
 *(.ARM.exidx* .gnu.linkonce.armexidx.*)
                0x08000410                . = ALIGN (0x4)
                0x08000410                _etext = .
                0x08000410                _sidata = .

.data           0x20000000        0x0 load address 0x08000410
                0x20000000                _sdata = .
 *(.data .data.*)
                0x20000000                . = ALIGN (0x4)
                0x20000000                _edata = .

.bss            0x20000000        0x0
                0x20000000                _sbss = .
 *(.bss .bss.*)
 *(COMMON)
                0x20000000                . = ALIGN (0x4)
                0x20000000                _ebss = .

.co_stack       0x20000000      0x400
                0x20000000                . = ALIGN (0x8)
 *(.co_stack .co_stack.*)
 .co_stack      0x20000000      0x400 ..\obj\startup_stm32f10x_cl.o
                0x20000000                pulStack
                0x20000400                . = ALIGN (0x4)
                0x20000400                _end = .
LOAD ..\obj\core_cm3.o
LOAD ..\obj\system_stm32f10x.o
LOAD ..\obj\filmobus3.o
LOAD ..\obj\stm32f10x_gpio.o
LOAD ..\obj\main.o
LOAD ..\obj\stm32f10x_rcc.o
LOAD ..\obj\startup_stm32f10x_cl.o
LOAD ..\obj\stm32f10x_adc.o
LOAD ..\obj\stm32f10x_usart.o
LOAD ..\obj\stm32f10x_dma.o
LOAD c:/coocox/coide/gcc/sourcery g++ lite/bin/../lib/gcc/arm-none-eabi/4.5.2/../../../../arm-none-eabi/lib/thumb2\libm.a
LOAD c:/coocox/coide/gcc/sourcery g++ lite/bin/../lib/gcc/arm-none-eabi/4.5.2/thumb2\libgcc.a
LOAD c:/coocox/coide/gcc/sourcery g++ lite/bin/../lib/gcc/arm-none-eabi/4.5.2/../../../../arm-none-eabi/lib/thumb2\libc.a
START GROUP
LOAD c:/coocox/coide/gcc/sourcery g++ lite/bin/../lib/gcc/arm-none-eabi/4.5.2/thumb2\libgcc.a
LOAD c:/coocox/coide/gcc/sourcery g++ lite/bin/../lib/gcc/arm-none-eabi/4.5.2/../../../../arm-none-eabi/lib/thumb2\libc.a
END GROUP
OUTPUT(Wheels v0.1.elf elf32-littlearm)

.debug_abbrev   0x00000000      0xe9e
 .debug_abbrev  0x00000000       0xb4 ..\obj\core_cm3.o
 .debug_abbrev  0x000000b4      0x1a6 ..\obj\system_stm32f10x.o
 .debug_abbrev  0x0000025a      0x186 ..\obj\filmobus3.o
 .debug_abbrev  0x000003e0      0x1d9 ..\obj\stm32f10x_gpio.o
 .debug_abbrev  0x000005b9      0x179 ..\obj\main.o
 .debug_abbrev  0x00000732      0x1d0 ..\obj\stm32f10x_rcc.o
 .debug_abbrev  0x00000902       0xb0 ..\obj\startup_stm32f10x_cl.o
 .debug_abbrev  0x000009b2      0x1cf ..\obj\stm32f10x_adc.o
 .debug_abbrev  0x00000b81      0x1a9 ..\obj\stm32f10x_usart.o
 .debug_abbrev  0x00000d2a      0x174 ..\obj\stm32f10x_dma.o

.debug_info     0x00000000     0x482e
 .debug_info    0x00000000      0x54b ..\obj\core_cm3.o
 .debug_info    0x0000054b      0x526 ..\obj\system_stm32f10x.o
 .debug_info    0x00000a71      0x6df ..\obj\filmobus3.o
 .debug_info    0x00001150      0x717 ..\obj\stm32f10x_gpio.o
 .debug_info    0x00001867      0x8cb ..\obj\main.o
 .debug_info    0x00002132      0xb06 ..\obj\stm32f10x_rcc.o
 .debug_info    0x00002c38      0x12e ..\obj\startup_stm32f10x_cl.o
 .debug_info    0x00002d66      0xbe9 ..\obj\stm32f10x_adc.o
 .debug_info    0x0000394f      0xa4a ..\obj\stm32f10x_usart.o
 .debug_info    0x00004399      0x495 ..\obj\stm32f10x_dma.o

.debug_line     0x00000000     0x2144
 .debug_line    0x00000000      0x27d ..\obj\core_cm3.o
 .debug_line    0x0000027d      0x229 ..\obj\system_stm32f10x.o
 .debug_line    0x000004a6      0x2ed ..\obj\filmobus3.o
 .debug_line    0x00000793      0x3be ..\obj\stm32f10x_gpio.o
 .debug_line    0x00000b51      0x305 ..\obj\main.o
 .debug_line    0x00000e56      0x56c ..\obj\stm32f10x_rcc.o
 .debug_line    0x000013c2       0xb4 ..\obj\startup_stm32f10x_cl.o
 .debug_line    0x00001476      0x522 ..\obj\stm32f10x_adc.o
 .debug_line    0x00001998      0x4a1 ..\obj\stm32f10x_usart.o
 .debug_line    0x00001e39      0x30b ..\obj\stm32f10x_dma.o

.debug_loc      0x00000000     0x26b2
 .debug_loc     0x00000000      0x298 ..\obj\core_cm3.o
 .debug_loc     0x00000298      0x214 ..\obj\system_stm32f10x.o
 .debug_loc     0x000004ac      0x52f ..\obj\filmobus3.o
 .debug_loc     0x000009db      0x4aa ..\obj\stm32f10x_gpio.o
 .debug_loc     0x00000e85      0x10e ..\obj\main.o
 .debug_loc     0x00000f93      0x6fe ..\obj\stm32f10x_rcc.o
 .debug_loc     0x00001691       0x33 ..\obj\startup_stm32f10x_cl.o
 .debug_loc     0x000016c4      0x937 ..\obj\stm32f10x_adc.o
 .debug_loc     0x00001ffb      0x575 ..\obj\stm32f10x_usart.o
 .debug_loc     0x00002570      0x142 ..\obj\stm32f10x_dma.o

.debug_pubnames
                0x00000000     0x1001
 .debug_pubnames
                0x00000000      0x159 ..\obj\core_cm3.o
 .debug_pubnames
                0x00000159       0x61 ..\obj\system_stm32f10x.o
 .debug_pubnames
                0x000001ba       0xfb ..\obj\filmobus3.o
 .debug_pubnames
                0x000002b5      0x19d ..\obj\stm32f10x_gpio.o
 .debug_pubnames
                0x00000452       0x68 ..\obj\main.o
 .debug_pubnames
                0x000004ba      0x37e ..\obj\stm32f10x_rcc.o
 .debug_pubnames
                0x00000838       0x4a ..\obj\startup_stm32f10x_cl.o
 .debug_pubnames
                0x00000882      0x401 ..\obj\stm32f10x_adc.o
 .debug_pubnames
                0x00000c83      0x294 ..\obj\stm32f10x_usart.o
 .debug_pubnames
                0x00000f17       0xea ..\obj\stm32f10x_dma.o

.debug_pubtypes
                0x00000000      0x5b5
 .debug_pubtypes
                0x00000000       0x50 ..\obj\core_cm3.o
 .debug_pubtypes
                0x00000050       0x67 ..\obj\system_stm32f10x.o
 .debug_pubtypes
                0x000000b7       0x7b ..\obj\filmobus3.o
 .debug_pubtypes
                0x00000132       0xc3 ..\obj\stm32f10x_gpio.o
 .debug_pubtypes
                0x000001f5      0x135 ..\obj\main.o
 .debug_pubtypes
                0x0000032a       0x9e ..\obj\stm32f10x_rcc.o
 .debug_pubtypes
                0x000003c8       0x8c ..\obj\stm32f10x_adc.o
 .debug_pubtypes
                0x00000454       0xc9 ..\obj\stm32f10x_usart.o
 .debug_pubtypes
                0x0000051d       0x98 ..\obj\stm32f10x_dma.o

.debug_aranges  0x00000000      0x650
 .debug_aranges
                0x00000000       0xc8 ..\obj\core_cm3.o
 .debug_aranges
                0x000000c8       0x28 ..\obj\system_stm32f10x.o
 .debug_aranges
                0x000000f0       0x40 ..\obj\filmobus3.o
 .debug_aranges
                0x00000130       0xa8 ..\obj\stm32f10x_gpio.o
 .debug_aranges
                0x000001d8       0x48 ..\obj\main.o
 .debug_aranges
                0x00000220      0x160 ..\obj\stm32f10x_rcc.o
 .debug_aranges
                0x00000380       0x28 ..\obj\startup_stm32f10x_cl.o
 .debug_aranges
                0x000003a8      0x138 ..\obj\stm32f10x_adc.o
 .debug_aranges
                0x000004e0      0x100 ..\obj\stm32f10x_usart.o
 .debug_aranges
                0x000005e0       0x70 ..\obj\stm32f10x_dma.o

.debug_ranges   0x00000000      0x5b0
 .debug_ranges  0x00000000       0xb8 ..\obj\core_cm3.o
 .debug_ranges  0x000000b8       0x18 ..\obj\system_stm32f10x.o
 .debug_ranges  0x000000d0       0x30 ..\obj\filmobus3.o
 .debug_ranges  0x00000100       0x98 ..\obj\stm32f10x_gpio.o
 .debug_ranges  0x00000198       0x38 ..\obj\main.o
 .debug_ranges  0x000001d0      0x150 ..\obj\stm32f10x_rcc.o
 .debug_ranges  0x00000320       0x18 ..\obj\startup_stm32f10x_cl.o
 .debug_ranges  0x00000338      0x128 ..\obj\stm32f10x_adc.o
 .debug_ranges  0x00000460       0xf0 ..\obj\stm32f10x_usart.o
 .debug_ranges  0x00000550       0x60 ..\obj\stm32f10x_dma.o

.debug_str      0x00000000     0x1d1b
 .debug_str     0x00000000      0x201 ..\obj\core_cm3.o
                                0x245 (size before relaxing)
 .debug_str     0x00000201      0x1d6 ..\obj\system_stm32f10x.o
                                0x299 (size before relaxing)
 .debug_str     0x000003d7      0x3b7 ..\obj\filmobus3.o
                                0x494 (size before relaxing)
 .debug_str     0x0000078e      0x3ab ..\obj\stm32f10x_gpio.o
                                0x492 (size before relaxing)
 .debug_str     0x00000b39      0x26a ..\obj\main.o
                                0x5f2 (size before relaxing)
 .debug_str     0x00000da3      0x50b ..\obj\stm32f10x_rcc.o
                                0x6db (size before relaxing)
 .debug_str     0x000012ae       0xcc ..\obj\startup_stm32f10x_cl.o
                                 0xf7 (size before relaxing)
 .debug_str     0x0000137a      0x488 ..\obj\stm32f10x_adc.o
                                0x674 (size before relaxing)
 .debug_str     0x00001802      0x3be ..\obj\stm32f10x_usart.o
                                0x609 (size before relaxing)
 .debug_str     0x00001bc0      0x15b ..\obj\stm32f10x_dma.o
                                0x33a (size before relaxing)

.comment        0x00000000       0x2a
 .comment       0x00000000       0x2a ..\obj\core_cm3.o
                                 0x2b (size before relaxing)
 .comment       0x00000000       0x2b ..\obj\system_stm32f10x.o
 .comment       0x00000000       0x2b ..\obj\filmobus3.o
 .comment       0x00000000       0x2b ..\obj\stm32f10x_gpio.o
 .comment       0x00000000       0x2b ..\obj\main.o
 .comment       0x00000000       0x2b ..\obj\stm32f10x_rcc.o
 .comment       0x00000000       0x2b ..\obj\startup_stm32f10x_cl.o
 .comment       0x00000000       0x2b ..\obj\stm32f10x_adc.o
 .comment       0x00000000       0x2b ..\obj\stm32f10x_usart.o
 .comment       0x00000000       0x2b ..\obj\stm32f10x_dma.o

.ARM.attributes
                0x00000000       0x31
 .ARM.attributes
                0x00000000       0x31 ..\obj\core_cm3.o
 .ARM.attributes
                0x00000031       0x31 ..\obj\system_stm32f10x.o
 .ARM.attributes
                0x00000062       0x31 ..\obj\filmobus3.o
 .ARM.attributes
                0x00000093       0x31 ..\obj\stm32f10x_gpio.o
 .ARM.attributes
                0x000000c4       0x31 ..\obj\main.o
 .ARM.attributes
                0x000000f5       0x31 ..\obj\stm32f10x_rcc.o
 .ARM.attributes
                0x00000126       0x31 ..\obj\startup_stm32f10x_cl.o
 .ARM.attributes
                0x00000157       0x31 ..\obj\stm32f10x_adc.o
 .ARM.attributes
                0x00000188       0x31 ..\obj\stm32f10x_usart.o
 .ARM.attributes
                0x000001b9       0x31 ..\obj\stm32f10x_dma.o

.debug_frame    0x00000000      0xca0
 .debug_frame   0x00000000      0x170 ..\obj\core_cm3.o
 .debug_frame   0x00000170       0x3c ..\obj\system_stm32f10x.o
 .debug_frame   0x000001ac       0x9c ..\obj\filmobus3.o
 .debug_frame   0x00000248      0x168 ..\obj\stm32f10x_gpio.o
 .debug_frame   0x000003b0       0xac ..\obj\main.o
 .debug_frame   0x0000045c      0x2b4 ..\obj\stm32f10x_rcc.o
 .debug_frame   0x00000710       0x38 ..\obj\startup_stm32f10x_cl.o
 .debug_frame   0x00000748      0x280 ..\obj\stm32f10x_adc.o
 .debug_frame   0x000009c8      0x210 ..\obj\stm32f10x_usart.o
 .debug_frame   0x00000bd8       0xc8 ..\obj\stm32f10x_dma.o
