<html>
<body>
<pre>
<h1>µVision Build Log</h1>
<h2>Project:</h2>
D:\keil\test\test.uvproj
Project File Date:  08/19/2013

<h2>Output:</h2>
Build target 'Target 1'
compiling main.c...
main.c(48): warning:  #1-D: last line of file ends without a newline
linking...
.\obj\test.axf: Error: L6218E: Undefined symbol SystemInit (referred from startup_stm32f10x_cl.o).
.\obj\test.axf: Error: L6218E: Undefined symbol GPIO_Init (referred from main.o).
.\obj\test.axf: Error: L6218E: Undefined symbol GPIO_ResetBits (referred from main.o).
.\obj\test.axf: Error: L6218E: Undefined symbol GPIO_SetBits (referred from main.o).
.\obj\test.axf: Error: L6218E: Undefined symbol RCC_APB2PeriphClockCmd (referred from main.o).
Target not created
Rebuild target 'Target 1'
assembling startup_stm32f10x_cl.s...
compiling main.c...
main.c(48): warning:  #1-D: last line of file ends without a newline
linking...
.\obj\test.axf: Error: L6218E: Undefined symbol SystemInit (referred from startup_stm32f10x_cl.o).
.\obj\test.axf: Error: L6218E: Undefined symbol GPIO_Init (referred from main.o).
.\obj\test.axf: Error: L6218E: Undefined symbol RCC_APB2PeriphClockCmd (referred from main.o).
Target not created
Rebuild target 'Target 1'
assembling startup_stm32f10x_cl.s...
compiling main.c...
main.c(48): warning:  #1-D: last line of file ends without a newline
linking...
.\obj\test.axf: Error: L6218E: Undefined symbol SystemInit (referred from startup_stm32f10x_cl.o).
.\obj\test.axf: Error: L6218E: Undefined symbol GPIO_Init (referred from main.o).
.\obj\test.axf: Error: L6218E: Undefined symbol RCC_APB2PeriphClockCmd (referred from main.o).
Target not created
Rebuild target 'Target 1'
assembling startup_stm32f10x_cl.s...
compiling main.c...
main.c(50): warning:  #1-D: last line of file ends without a newline
linking...
.\obj\test.axf: Error: L6218E: Undefined symbol SystemInit (referred from startup_stm32f10x_cl.o).
.\obj\test.axf: Error: L6218E: Undefined symbol GPIO_Init (referred from main.o).
.\obj\test.axf: Error: L6218E: Undefined symbol RCC_APB2PeriphClockCmd (referred from main.o).
Target not created
Rebuild target 'Target 1'
assembling startup_stm32f10x_cl.s...
compiling main.c...
main.c(50): warning:  #1-D: last line of file ends without a newline
linking...
.\obj\test.axf: Error: L6218E: Undefined symbol SystemInit (referred from startup_stm32f10x_cl.o).
.\obj\test.axf: Error: L6218E: Undefined symbol GPIO_Init (referred from main.o).
.\obj\test.axf: Error: L6218E: Undefined symbol RCC_APB2PeriphClockCmd (referred from main.o).
Target not created
Rebuild target 'Target 1'
assembling startup_stm32f10x_cl.s...
compiling main.c...
.\Libraries\CMSIS\CM3\DeviceSupport\ST\STM32F10x\stm32f10x.h(96): error:  #35: #error directive: "Please select first the target STM32F10x device used in your application (in stm32f10x.h file)"
Target not created
Rebuild target 'Target 1'
assembling startup_stm32f10x_cl.s...
compiling main.c...
.\Libraries\CMSIS\CM3\DeviceSupport\ST\STM32F10x\stm32f10x.h(96): error:  #35: #error directive: "Please select first the target STM32F10x device used in your application (in stm32f10x.h file)"
Target not created
Rebuild target 'Target 1'
assembling startup_stm32f10x_cl.s...
compiling main.c...
main.c(50): warning:  #1-D: last line of file ends without a newline
linking...
.\obj\test.axf: Error: L6218E: Undefined symbol SystemInit (referred from startup_stm32f10x_cl.o).
.\obj\test.axf: Error: L6218E: Undefined symbol GPIO_Init (referred from main.o).
.\obj\test.axf: Error: L6218E: Undefined symbol RCC_APB2PeriphClockCmd (referred from main.o).
Target not created
Rebuild target 'Target 1'
assembling startup_stm32f10x_cl.s...
compiling main.c...
main.c(50): warning:  #1-D: last line of file ends without a newline
linking...
.\obj\test.axf: Error: L6218E: Undefined symbol SystemInit (referred from startup_stm32f10x_cl.o).
.\obj\test.axf: Error: L6218E: Undefined symbol GPIO_Init (referred from main.o).
.\obj\test.axf: Error: L6218E: Undefined symbol RCC_APB2PeriphClockCmd (referred from main.o).
Target not created
Rebuild target 'Target 1'
assembling startup_stm32f10x_cl.s...
compiling main.c...
main.c(50): warning:  #1-D: last line of file ends without a newline
linking...
.\obj\test.axf: Error: L6218E: Undefined symbol SystemInit (referred from startup_stm32f10x_cl.o).
.\obj\test.axf: Error: L6218E: Undefined symbol GPIO_Init (referred from main.o).
.\obj\test.axf: Error: L6218E: Undefined symbol RCC_APB2PeriphClockCmd (referred from main.o).
Target not created
Rebuild target 'Target 1'
assembling startup_stm32f10x_cl.s...
compiling main.c...
main.c(50): warning:  #1-D: last line of file ends without a newline
linking...
.\obj\test.axf: Error: L6218E: Undefined symbol SystemInit (referred from startup_stm32f10x_cl.o).
.\obj\test.axf: Error: L6218E: Undefined symbol GPIO_Init (referred from main.o).
.\obj\test.axf: Error: L6218E: Undefined symbol RCC_APB2PeriphClockCmd (referred from main.o).
Target not created
Rebuild target 'Target 1'
assembling startup_stm32f10x_cl.s...
compiling main.c...
main.c(50): warning:  #1-D: last line of file ends without a newline
compiling main.c...
main.c(50): warning:  #1-D: last line of file ends without a newline
compiling stm32f10x_gpio.c...
compiling stm32f10x_rcc.c...
compiling system_stm32f10x.c...
linking...
.\obj\test.axf: Warning: L6304W: Duplicate input file .\obj\main.o ignored.
Program Size: Code=3156 RO-data=368 RW-data=44 ZI-data=1636  
FromELF: creating hex file...
".\obj\test.axf" - 0 Error(s), 3 Warning(s).
Rebuild target 'Target 1'
assembling startup_stm32f10x_cl.s...
compiling main.c...
main.c(50): warning:  #1-D: last line of file ends without a newline
compiling main.c...
main.c(50): warning:  #1-D: last line of file ends without a newline
compiling stm32f10x_gpio.c...
compiling stm32f10x_rcc.c...
compiling system_stm32f10x.c...
linking...
.\obj\test.axf: Warning: L6304W: Duplicate input file .\obj\main.o ignored.
Program Size: Code=3156 RO-data=368 RW-data=44 ZI-data=1636  
FromELF: creating hex file...
".\obj\test.axf" - 0 Error(s), 3 Warning(s).
Rebuild target 'Target 1'
assembling startup_stm32f10x_cl.s...
compiling main.c...
main.c(50): warning:  #1-D: last line of file ends without a newline
compiling main.c...
main.c(50): warning:  #1-D: last line of file ends without a newline
compiling stm32f10x_gpio.c...
compiling stm32f10x_rcc.c...
compiling system_stm32f10x.c...
linking...
.\obj\test.axf: Warning: L6304W: Duplicate input file .\obj\main.o ignored.
Program Size: Code=3156 RO-data=368 RW-data=44 ZI-data=1636  
FromELF: creating hex file...
".\obj\test.axf" - 0 Error(s), 3 Warning(s).
Rebuild target 'Target 1'
assembling startup_stm32f10x_cl.s...
compiling main.c...
main.c(50): warning:  #1-D: last line of file ends without a newline
compiling main.c...
main.c(50): warning:  #1-D: last line of file ends without a newline
compiling stm32f10x_gpio.c...
compiling stm32f10x_rcc.c...
compiling system_stm32f10x.c...
linking...
.\obj\test.axf: Warning: L6304W: Duplicate input file .\obj\main.o ignored.
Program Size: Code=3156 RO-data=368 RW-data=44 ZI-data=1636  
FromELF: creating hex file...
".\obj\test.axf" - 0 Error(s), 3 Warning(s).
Rebuild target 'Target 1'
assembling startup_stm32f10x_cl.s...
compiling main.c...
main.c(50): warning:  #1-D: last line of file ends without a newline
compiling stm32f10x_gpio.c...
compiling stm32f10x_rcc.c...
compiling system_stm32f10x.c...
linking...
Program Size: Code=3156 RO-data=368 RW-data=44 ZI-data=1636  
FromELF: creating hex file...
".\obj\test.axf" - 0 Error(s), 1 Warning(s).
Rebuild target 'Target 1'
assembling startup_stm32f10x_cl.s...
compiling main.c...
main.c(50): warning:  #1-D: last line of file ends without a newline
linking...
.\obj\test.axf: Error: L6218E: Undefined symbol SystemInit (referred from startup_stm32f10x_cl.o).
.\obj\test.axf: Error: L6218E: Undefined symbol GPIO_Init (referred from main.o).
.\obj\test.axf: Error: L6218E: Undefined symbol RCC_APB2PeriphClockCmd (referred from main.o).
Target not created
Rebuild target 'Target 1'
assembling startup_stm32f10x_cl.s...
compiling main.c...
main.c(50): warning:  #1-D: last line of file ends without a newline
compiling stm32f10x_gpio.c...
compiling stm32f10x_rcc.c...
linking...
.\obj\test.axf: Error: L6218E: Undefined symbol SystemInit (referred from startup_stm32f10x_cl.o).
Target not created
Rebuild target 'Target 1'
assembling startup_stm32f10x_cl.s...
compiling main.c...
main.c(50): warning:  #1-D: last line of file ends without a newline
compiling stm32f10x_gpio.c...
compiling stm32f10x_rcc.c...
compiling system_stm32f10x.c...
linking...
Program Size: Code=3156 RO-data=368 RW-data=44 ZI-data=1636  
FromELF: creating hex file...
".\obj\test.axf" - 0 Error(s), 1 Warning(s).
Rebuild target 'Target 1'
assembling startup_stm32f10x_cl.s...
compiling main.c...
main.c(15): warning:  #815-D: type qualifier on return type is meaningless
main.c(15): warning:  #951-D: return type of function "main" must be "int"
compiling stm32f10x_gpio.c...
compiling stm32f10x_rcc.c...
compiling system_stm32f10x.c...
linking...
Program Size: Code=3280 RO-data=368 RW-data=44 ZI-data=1636  
FromELF: creating hex file...
".\obj\test.axf" - 0 Error(s), 2 Warning(s).
Load "D:\\keil\\test\\obj\\test.AXF" 
Load "D:\\keil\\test\\obj\\test.AXF" 
Load "D:\\keil\\test\\obj\\test.AXF" 
Load "D:\\keil\\test\\obj\\test.AXF" 
No Algorithm found for: 08000000H - 08000E6BH
Erase skipped!
Load "D:\\keil\\test\\obj\\test.AXF" 
No Algorithm found for: 08000000H - 08000E6BH
Erase skipped!
Load "D:\\keil\\test\\obj\\test.AXF" 
Erase Done.
Programming Done.
Verify OK.
Load "D:\\keil\\test\\obj\\test.AXF" 
Erase Done.
Programming Done.
Verify OK.
Load "D:\\keil\\test\\obj\\test.AXF" 
Erase Done.
Programming Done.
Verify OK.
Rebuild target 'Target 1'
assembling startup_stm32f10x_cl.s...
compiling main.c...
main.c(15): warning:  #815-D: type qualifier on return type is meaningless
main.c(15): warning:  #951-D: return type of function "main" must be "int"
compiling stm32f10x_gpio.c...
compiling stm32f10x_rcc.c...
compiling system_stm32f10x.c...
linking...
Program Size: Code=2440 RO-data=368 RW-data=44 ZI-data=1636  
FromELF: creating hex file...
".\obj\test.axf" - 0 Error(s), 2 Warning(s).
Load "D:\\keil\\test\\obj\\test.AXF" 
Erase Done.
Programming Done.
Verify OK.
Build target 'Target 1'
compiling main.c...
main.c(15): warning:  #815-D: type qualifier on return type is meaningless
main.c(15): warning:  #951-D: return type of function "main" must be "int"
compiling stm32f10x_gpio.c...
compiling stm32f10x_rcc.c...
compiling system_stm32f10x.c...
linking...
Program Size: Code=2444 RO-data=368 RW-data=44 ZI-data=1636  
FromELF: creating hex file...
".\obj\test.axf" - 0 Error(s), 2 Warning(s).
Load "D:\\keil\\test\\obj\\test.AXF" 
Erase Done.
Programming Done.
Verify OK.
